Archive member included to satisfy reference by file (symbol)

D:/Cube_IDE/STM32CubeIDE_1.18.1/STM32CubeIDE/plugins/com.st.stm32cube.ide.mcu.externaltools.gnu-tools-for-stm32.13.3.rel1.win32_1.0.0.202411081344/tools/bin/../lib/gcc/arm-none-eabi/13.3.1/../../../../arm-none-eabi/lib/thumb/v7-m/nofp\libc_nano.a(libc_a-exit.o)
                              D:/Cube_IDE/STM32CubeIDE_1.18.1/STM32CubeIDE/plugins/com.st.stm32cube.ide.mcu.externaltools.gnu-tools-for-stm32.13.3.rel1.win32_1.0.0.202411081344/tools/bin/../lib/gcc/arm-none-eabi/13.3.1/../../../../arm-none-eabi/lib/thumb/v7-m/nofp/crt0.o (exit)
D:/Cube_IDE/STM32CubeIDE_1.18.1/STM32CubeIDE/plugins/com.st.stm32cube.ide.mcu.externaltools.gnu-tools-for-stm32.13.3.rel1.win32_1.0.0.202411081344/tools/bin/../lib/gcc/arm-none-eabi/13.3.1/../../../../arm-none-eabi/lib/thumb/v7-m/nofp\libc_nano.a(libc_a-findfp.o)
                              D:/Cube_IDE/STM32CubeIDE_1.18.1/STM32CubeIDE/plugins/com.st.stm32cube.ide.mcu.externaltools.gnu-tools-for-stm32.13.3.rel1.win32_1.0.0.202411081344/tools/bin/../lib/gcc/arm-none-eabi/13.3.1/../../../../arm-none-eabi/lib/thumb/v7-m/nofp\libc_nano.a(libc_a-exit.o) (__stdio_exit_handler)
D:/Cube_IDE/STM32CubeIDE_1.18.1/STM32CubeIDE/plugins/com.st.stm32cube.ide.mcu.externaltools.gnu-tools-for-stm32.13.3.rel1.win32_1.0.0.202411081344/tools/bin/../lib/gcc/arm-none-eabi/13.3.1/../../../../arm-none-eabi/lib/thumb/v7-m/nofp\libc_nano.a(libc_a-fwalk.o)
                              D:/Cube_IDE/STM32CubeIDE_1.18.1/STM32CubeIDE/plugins/com.st.stm32cube.ide.mcu.externaltools.gnu-tools-for-stm32.13.3.rel1.win32_1.0.0.202411081344/tools/bin/../lib/gcc/arm-none-eabi/13.3.1/../../../../arm-none-eabi/lib/thumb/v7-m/nofp\libc_nano.a(libc_a-findfp.o) (_fwalk_sglue)
D:/Cube_IDE/STM32CubeIDE_1.18.1/STM32CubeIDE/plugins/com.st.stm32cube.ide.mcu.externaltools.gnu-tools-for-stm32.13.3.rel1.win32_1.0.0.202411081344/tools/bin/../lib/gcc/arm-none-eabi/13.3.1/../../../../arm-none-eabi/lib/thumb/v7-m/nofp\libc_nano.a(libc_a-printf.o)
                              ./Core/Src/servo.o (printf)
D:/Cube_IDE/STM32CubeIDE_1.18.1/STM32CubeIDE/plugins/com.st.stm32cube.ide.mcu.externaltools.gnu-tools-for-stm32.13.3.rel1.win32_1.0.0.202411081344/tools/bin/../lib/gcc/arm-none-eabi/13.3.1/../../../../arm-none-eabi/lib/thumb/v7-m/nofp\libc_nano.a(libc_a-puts.o)
                              ./Core/Src/engine.o (puts)
D:/Cube_IDE/STM32CubeIDE_1.18.1/STM32CubeIDE/plugins/com.st.stm32cube.ide.mcu.externaltools.gnu-tools-for-stm32.13.3.rel1.win32_1.0.0.202411081344/tools/bin/../lib/gcc/arm-none-eabi/13.3.1/../../../../arm-none-eabi/lib/thumb/v7-m/nofp\libc_nano.a(libc_a-sprintf.o)
                              ./Core/Src/main.o (sprintf)
D:/Cube_IDE/STM32CubeIDE_1.18.1/STM32CubeIDE/plugins/com.st.stm32cube.ide.mcu.externaltools.gnu-tools-for-stm32.13.3.rel1.win32_1.0.0.202411081344/tools/bin/../lib/gcc/arm-none-eabi/13.3.1/../../../../arm-none-eabi/lib/thumb/v7-m/nofp\libc_nano.a(libc_a-stdio.o)
                              D:/Cube_IDE/STM32CubeIDE_1.18.1/STM32CubeIDE/plugins/com.st.stm32cube.ide.mcu.externaltools.gnu-tools-for-stm32.13.3.rel1.win32_1.0.0.202411081344/tools/bin/../lib/gcc/arm-none-eabi/13.3.1/../../../../arm-none-eabi/lib/thumb/v7-m/nofp\libc_nano.a(libc_a-findfp.o) (__sread)
D:/Cube_IDE/STM32CubeIDE_1.18.1/STM32CubeIDE/plugins/com.st.stm32cube.ide.mcu.externaltools.gnu-tools-for-stm32.13.3.rel1.win32_1.0.0.202411081344/tools/bin/../lib/gcc/arm-none-eabi/13.3.1/../../../../arm-none-eabi/lib/thumb/v7-m/nofp\libc_nano.a(libc_a-wbuf.o)
                              D:/Cube_IDE/STM32CubeIDE_1.18.1/STM32CubeIDE/plugins/com.st.stm32cube.ide.mcu.externaltools.gnu-tools-for-stm32.13.3.rel1.win32_1.0.0.202411081344/tools/bin/../lib/gcc/arm-none-eabi/13.3.1/../../../../arm-none-eabi/lib/thumb/v7-m/nofp\libc_nano.a(libc_a-puts.o) (__swbuf_r)
D:/Cube_IDE/STM32CubeIDE_1.18.1/STM32CubeIDE/plugins/com.st.stm32cube.ide.mcu.externaltools.gnu-tools-for-stm32.13.3.rel1.win32_1.0.0.202411081344/tools/bin/../lib/gcc/arm-none-eabi/13.3.1/../../../../arm-none-eabi/lib/thumb/v7-m/nofp\libc_nano.a(libc_a-wsetup.o)
                              D:/Cube_IDE/STM32CubeIDE_1.18.1/STM32CubeIDE/plugins/com.st.stm32cube.ide.mcu.externaltools.gnu-tools-for-stm32.13.3.rel1.win32_1.0.0.202411081344/tools/bin/../lib/gcc/arm-none-eabi/13.3.1/../../../../arm-none-eabi/lib/thumb/v7-m/nofp\libc_nano.a(libc_a-puts.o) (__swsetup_r)
D:/Cube_IDE/STM32CubeIDE_1.18.1/STM32CubeIDE/plugins/com.st.stm32cube.ide.mcu.externaltools.gnu-tools-for-stm32.13.3.rel1.win32_1.0.0.202411081344/tools/bin/../lib/gcc/arm-none-eabi/13.3.1/../../../../arm-none-eabi/lib/thumb/v7-m/nofp\libc_nano.a(libc_a-memset.o)
                              D:/Cube_IDE/STM32CubeIDE_1.18.1/STM32CubeIDE/plugins/com.st.stm32cube.ide.mcu.externaltools.gnu-tools-for-stm32.13.3.rel1.win32_1.0.0.202411081344/tools/bin/../lib/gcc/arm-none-eabi/13.3.1/../../../../arm-none-eabi/lib/thumb/v7-m/nofp/crt0.o (memset)
[...]
Memory Configuration

Name             Origin             Length             Attributes
RAM              0x20000000         0x00005000         xrw
FLASH            0x08000000         0x00020000         xr
*default*        0x00000000         0xffffffff

Linker script and memory map

LOAD D:/Cube_IDE/STM32CubeIDE_1.18.1/STM32CubeIDE/plugins/com.st.stm32cube.ide.mcu.externaltools.gnu-tools-for-stm32.13.3.rel1.win32_1.0.0.202411081344/tools/bin/../lib/gcc/arm-none-eabi/13.3.1/thumb/v7-m/nofp/crti.o
LOAD D:/Cube_IDE/STM32CubeIDE_1.18.1/STM32CubeIDE/plugins/com.st.stm32cube.ide.mcu.externaltools.gnu-tools-for-stm32.13.3.rel1.win32_1.0.0.202411081344/tools/bin/../lib/gcc/arm-none-eabi/13.3.1/thumb/v7-m/nofp/crtbegin.o
LOAD D:/Cube_IDE/STM32CubeIDE_1.18.1/STM32CubeIDE/plugins/com.st.stm32cube.ide.mcu.externaltools.gnu-tools-for-stm32.13.3.rel1.win32_1.0.0.202411081344/tools/bin/../lib/gcc/arm-none-eabi/13.3.1/../../../../arm-none-eabi/lib/thumb/v7-m/nofp/crt0.o
LOAD ./Core/Src/engine.o
LOAD ./Core/Src/main.o
LOAD ./Core/Src/servo.o
LOAD ./Core/Src/stm32f1xx_hal_msp.o
LOAD ./Core/Src/stm32f1xx_it.o
LOAD ./Core/Src/syscalls.o
LOAD ./Core/Src/sysmem.o
LOAD ./Core/Src/system_stm32f1xx.o
LOAD ./Core/Startup/startup_stm32f103cbtx.o
LOAD ./Drivers/STM32F1xx_HAL_Driver/Src/stm32f1xx_hal.o
LOAD ./Drivers/STM32F1xx_HAL_Driver/Src/stm32f1xx_hal_cortex.o
LOAD ./Drivers/STM32F1xx_HAL_Driver/Src/stm32f1xx_hal_dma.o
LOAD ./Drivers/STM32F1xx_HAL_Driver/Src/stm32f1xx_hal_exti.o
LOAD ./Drivers/STM32F1xx_HAL_Driver/Src/stm32f1xx_hal_flash.o
LOAD ./Drivers/STM32F1xx_HAL_Driver/Src/stm32f1xx_hal_flash_ex.o
LOAD ./Drivers/STM32F1xx_HAL_Driver/Src/stm32f1xx_hal_gpio.o
LOAD ./Drivers/STM32F1xx_HAL_Driver/Src/stm32f1xx_hal_gpio_ex.o
LOAD ./Drivers/STM32F1xx_HAL_Driver/Src/stm32f1xx_hal_pwr.o
LOAD ./Drivers/STM32F1xx_HAL_Driver/Src/stm32f1xx_hal_rcc.o
LOAD ./Drivers/STM32F1xx_HAL_Driver/Src/stm32f1xx_hal_rcc_ex.o
LOAD ./Drivers/STM32F1xx_HAL_Driver/Src/stm32f1xx_hal_spi.o
LOAD ./Drivers/STM32F1xx_HAL_Driver/Src/stm32f1xx_hal_tim.o
LOAD ./Drivers/STM32F1xx_HAL_Driver/Src/stm32f1xx_hal_tim_ex.o
LOAD ./Drivers/STM32F1xx_HAL_Driver/Src/stm32f1xx_hal_uart.o
LOAD ./Drivers/nrf24/NRF24.o
START GROUP
LOAD D:/Cube_IDE/STM32CubeIDE_1.18.1/STM32CubeIDE/plugins/com.st.stm32cube.ide.mcu.externaltools.gnu-tools-for-stm32.13.3.rel1.win32_1.0.0.202411081344/tools/bin/../lib/gcc/arm-none-eabi/13.3.1/../../../../arm-none-eabi/lib/thumb/v7-m/nofp\libc_nano.a
LOAD D:/Cube_IDE/STM32CubeIDE_1.18.1/STM32CubeIDE/plugins/com.st.stm32cube.ide.mcu.externaltools.gnu-tools-for-stm32.13.3.rel1.win32_1.0.0.202411081344/tools/bin/../lib/gcc/arm-none-eabi/13.3.1/../../../../arm-none-eabi/lib/thumb/v7-m/nofp\libm.a
END GROUP
START GROUP
LOAD D:/Cube_IDE/STM32CubeIDE_1.18.1/STM32CubeIDE/plugins/com.st.stm32cube.ide.mcu.externaltools.gnu-tools-for-stm32.13.3.rel1.win32_1.0.0.202411081344/tools/bin/../lib/gcc/arm-none-eabi/13.3.1/thumb/v7-m/nofp\libgcc.a
LOAD D:/Cube_IDE/STM32CubeIDE_1.18.1/STM32CubeIDE/plugins/com.st.stm32cube.ide.mcu.externaltools.gnu-tools-for-stm32.13.3.rel1.win32_1.0.0.202411081344/tools/bin/../lib/gcc/arm-none-eabi/13.3.1/../../../../arm-none-eabi/lib/thumb/v7-m/nofp\libc_nano.a
END GROUP
START GROUP
LOAD D:/Cube_IDE/STM32CubeIDE_1.18.1/STM32CubeIDE/plugins/com.st.stm32cube.ide.mcu.externaltools.gnu-tools-for-stm32.13.3.rel1.win32_1.0.0.202411081344/tools/bin/../lib/gcc/arm-none-eabi/13.3.1/thumb/v7-m/nofp\libgcc.a
LOAD D:/Cube_IDE/STM32CubeIDE_1.18.1/STM32CubeIDE/plugins/com.st.stm32cube.ide.mcu.externaltools.gnu-tools-for-stm32.13.3.rel1.win32_1.0.0.202411081344/tools/bin/../lib/gcc/arm-none-eabi/13.3.1/../../../../arm-none-eabi/lib/thumb/v7-m/nofp\libc_nano.a
LOAD D:/Cube_IDE/STM32CubeIDE_1.18.1/STM32CubeIDE/plugins/com.st.stm32cube.ide.mcu.externaltools.gnu-tools-for-stm32.13.3.rel1.win32_1.0.0.202411081344/tools/bin/../lib/gcc/arm-none-eabi/13.3.1/../../../../arm-none-eabi/lib/thumb/v7-m/nofp\libnosys.a
END GROUP
START GROUP
LOAD D:/Cube_IDE/STM32CubeIDE_1.18.1/STM32CubeIDE/plugins/com.st.stm32cube.ide.mcu.externaltools.gnu-tools-for-stm32.13.3.rel1.win32_1.0.0.202411081344/tools/bin/../lib/gcc/arm-none-eabi/13.3.1/thumb/v7-m/nofp\libgcc.a
LOAD D:/Cube_IDE/STM32CubeIDE_1.18.1/STM32CubeIDE/plugins/com.st.stm32cube.ide.mcu.externaltools.gnu-tools-for-stm32.13.3.rel1.win32_1.0.0.202411081344/tools/bin/../lib/gcc/arm-none-eabi/13.3.1/../../../../arm-none-eabi/lib/thumb/v7-m/nofp\libc_nano.a
LOAD D:/Cube_IDE/STM32CubeIDE_1.18.1/STM32CubeIDE/plugins/com.st.stm32cube.ide.mcu.externaltools.gnu-tools-for-stm32.13.3.rel1.win32_1.0.0.202411081344/tools/bin/../lib/gcc/arm-none-eabi/13.3.1/../../../../arm-none-eabi/lib/thumb/v7-m/nofp\libnosys.a
END GROUP
LOAD D:/Cube_IDE/STM32CubeIDE_1.18.1/STM32CubeIDE/plugins/com.st.stm32cube.ide.mcu.externaltools.gnu-tools-for-stm32.13.3.rel1.win32_1.0.0.202411081344/tools/bin/../lib/gcc/arm-none-eabi/13.3.1/thumb/v7-m/nofp/crtend.o
LOAD D:/Cube_IDE/STM32CubeIDE_1.18.1/STM32CubeIDE/plugins/com.st.stm32cube.ide.mcu.externaltools.gnu-tools-for-stm32.13.3.rel1.win32_1.0.0.202411081344/tools/bin/../lib/gcc/arm-none-eabi/13.3.1/thumb/v7-m/nofp/crtn.o
                0x20005000                        _estack = (ORIGIN (RAM) + LENGTH (RAM))
                0x00000200                        _Min_Heap_Size = 0x200
                0x00000400                        _Min_Stack_Size = 0x400

.isr_vector     0x08000000      0x10c
                0x08000000                        . = ALIGN (0x4)
 *(.isr_vector)
 .isr_vector    0x08000000      0x10c ./Core/Startup/startup_stm32f103cbtx.o
                0x08000000                g_pfnVectors
                0x0800010c                        . = ALIGN (0x4)

.text           0x08000110     0x5eac
                0x08000110                        . = ALIGN (0x4)
 *(.text)
 .text          0x08000110       0x40 D:/Cube_IDE/STM32CubeIDE_1.18.1/STM32CubeIDE/plugins/com.st.stm32cube.ide.mcu.externaltools.gnu-tools-for-stm32.13.3.rel1.win32_1.0.0.202411081344/tools/bin/../lib/gcc/arm-none-eabi/13.3.1/thumb/v7-m/nofp/crtbegin.o
 .text          0x08000150       0x14 D:/Cube_IDE/STM32CubeIDE_1.18.1/STM32CubeIDE/plugins/com.st.stm32cube.ide.mcu.externaltools.gnu-tools-for-stm32.13.3.rel1.win32_1.0.0.202411081344/tools/bin/../lib/gcc/arm-none-eabi/13.3.1/../../../../arm-none-eabi/lib/thumb/v7-m/nofp\libc_nano.a(libc_a-strcmp.o)
                0x08000150                strcmp
 .text          0x08000164       0x10 D:/Cube_IDE/STM32CubeIDE_1.18.1/STM32CubeIDE/plugins/com.st.stm32cube.ide.mcu.externaltools.gnu-tools-for-stm32.13.3.rel1.win32_1.0.0.202411081344/tools/bin/../lib/gcc/arm-none-eabi/13.3.1/../../../../arm-none-eabi/lib/thumb/v7-m/nofp\libc_nano.a(libc_a-strlen.o)
                0x08000164                strlen
 .text          0x08000174      0x254 D:/Cube_IDE/STM32CubeIDE_1.18.1/STM32CubeIDE/plugins/com.st.stm32cube.ide.mcu.externaltools.gnu-tools-for-stm32.13.3.rel1.win32_1.0.0.202411081344/tools/bin/../lib/gcc/arm-none-eabi/13.3.1/thumb/v7-m/nofp\libgcc.a(_arm_muldf3.o)
                0x08000174                __muldf3
                0x08000174                __aeabi_dmul
 .text          0x080003c8      0x378 D:/Cube_IDE/STM32CubeIDE_1.18.1/STM32CubeIDE/plugins/com.st.stm32cube.ide.mcu.externaltools.gnu-tools-for-stm32.13.3.rel1.win32_1.0.0.202411081344/tools/bin/../lib/gcc/arm-none-eabi/13.3.1/thumb/v7-m/nofp\libgcc.a(_arm_addsubdf3.o)
                0x080003c8                __aeabi_drsub
                0x080003d0                __aeabi_dsub
                0x080003d0                __subdf3
                0x080003d4                __aeabi_dadd
                0x080003d4                __adddf3
                0x0800064c                __floatunsidf
                0x0800064c                __aeabi_ui2d
                0x0800066c                __floatsidf
                0x0800066c                __aeabi_i2d
                0x08000690                __aeabi_f2d
                0x08000690                __extendsfdf2
                0x080006d4                __floatundidf
                0x080006d4                __aeabi_ul2d
                0x080006e4                __floatdidf
                0x080006e4                __aeabi_l2d
 .text          0x08000740       0x40 D:/Cube_IDE/STM32CubeIDE_1.18.1/STM32CubeIDE/plugins/com.st.stm32cube.ide.mcu.externaltools.gnu-tools-for-stm32.13.3.rel1.win32_1.0.0.202411081344/tools/bin/../lib/gcc/arm-none-eabi/13.3.1/thumb/v7-m/nofp\libgcc.a(_arm_fixunsdfsi.o)
                0x08000740                __aeabi_d2uiz
                0x08000740                __fixunsdfsi
 *(.text*)
 .text.ENGINE_Set
                0x08000780       0xd4 ./Core/Src/engine.o
                0x08000780                ENGINE_Set
 .text.__io_putchar
                0x08000854       0x24 ./Core/Src/main.o
                0x08000854                __io_putchar
 .text.main     0x08000878      0x158 ./Core/Src/main.o
                0x08000878                main
 .text.command_execute
                0x080009d0       0x98 ./Core/Src/main.o
                0x080009d0                command_execute
 .text.SystemClock_Config
                0x08000a68       0x8a ./Core/Src/main.o
                0x08000a68                SystemClock_Config
 *fill*         0x08000af2        0x2 
 .text.MX_SPI1_Init
                0x08000af4       0x6c ./Core/Src/main.o
 .text.MX_TIM2_Init
                0x08000b60       0xec ./Core/Src/main.o
 .text.MX_USART1_UART_Init
                0x08000c4c       0x54 ./Core/Src/main.o
 .text.MX_GPIO_Init
                0x08000ca0       0xe4 ./Core/Src/main.o
 .text.Error_Handler
                0x08000d84        0xc ./Core/Src/main.o
                0x08000d84                Error_Handler
 .text.SERVO_SetAngle
                0x08000d90       0x84 ./Core/Src/servo.o
                0x08000d90                SERVO_SetAngle
 .text.HAL_MspInit
                0x08000e14       0x64 ./Core/Src/stm32f1xx_hal_msp.o
                0x08000e14                HAL_MspInit
 .text.HAL_SPI_MspInit
                0x08000e78       0xa4 ./Core/Src/stm32f1xx_hal_msp.o
                0x08000e78                HAL_SPI_MspInit
 .text.HAL_TIM_Base_MspInit
                0x08000f1c       0x38 ./Core/Src/stm32f1xx_hal_msp.o
                0x08000f1c                HAL_TIM_Base_MspInit
 .text.HAL_TIM_MspPostInit
                0x08000f54       0x60 ./Core/Src/stm32f1xx_hal_msp.o
                0x08000f54                HAL_TIM_MspPostInit
 .text.HAL_UART_MspInit
                0x08000fb4       0xa8 ./Core/Src/stm32f1xx_hal_msp.o
                0x08000fb4                HAL_UART_MspInit
 .text.NMI_Handler
                0x0800105c        0x8 ./Core/Src/stm32f1xx_it.o
                0x0800105c                NMI_Handler
 .text.HardFault_Handler
                0x08001064        0x8 ./Core/Src/stm32f1xx_it.o
                0x08001064                HardFault_Handler
 .text.MemManage_Handler
                0x0800106c        0x8 ./Core/Src/stm32f1xx_it.o
                0x0800106c                MemManage_Handler
 .text.BusFault_Handler
                0x08001074        0x8 ./Core/Src/stm32f1xx_it.o
                0x08001074                BusFault_Handler
 .text.UsageFault_Handler
                0x0800107c        0x8 ./Core/Src/stm32f1xx_it.o
                0x0800107c                UsageFault_Handler
 .text.SVC_Handler
                0x08001084        0xc ./Core/Src/stm32f1xx_it.o
                0x08001084                SVC_Handler
 .text.DebugMon_Handler
                0x08001090        0xc ./Core/Src/stm32f1xx_it.o
                0x08001090                DebugMon_Handler
 .text.PendSV_Handler
                0x0800109c        0xc ./Core/Src/stm32f1xx_it.o
                0x0800109c                PendSV_Handler
 .text.SysTick_Handler
                0x080010a8        0xc ./Core/Src/stm32f1xx_it.o
                0x080010a8                SysTick_Handler
 .text.EXTI1_IRQHandler
                0x080010b4        0xe ./Core/Src/stm32f1xx_it.o
                0x080010b4                EXTI1_IRQHandler
 *fill*         0x080010c2        0x2 
 .text.SPI1_IRQHandler
                0x080010c4       0x14 ./Core/Src/stm32f1xx_it.o
                0x080010c4                SPI1_IRQHandler
 .text.USART1_IRQHandler
                0x080010d8       0x14 ./Core/Src/stm32f1xx_it.o
                0x080010d8                USART1_IRQHandler
 .text._read    0x080010ec       0x3a ./Core/Src/syscalls.o
                0x080010ec                _read
 .text._write   0x08001126       0x38 ./Core/Src/syscalls.o
                0x08001126                _write
 .text._close   0x0800115e       0x16 ./Core/Src/syscalls.o
                0x0800115e                _close
 .text._fstat   0x08001174       0x1e ./Core/Src/syscalls.o
                0x08001174                _fstat
 .text._isatty  0x08001192       0x14 ./Core/Src/syscalls.o
                0x08001192                _isatty
 .text._lseek   0x080011a6       0x18 ./Core/Src/syscalls.o
                0x080011a6                _lseek
 *fill*         0x080011be        0x2 
 .text._sbrk    0x080011c0       0x6c ./Core/Src/sysmem.o
                0x080011c0                _sbrk
 .text.SystemInit
                0x0800122c        0xc ./Core/Src/system_stm32f1xx.o
                0x0800122c                SystemInit
 .text.Reset_Handler
                0x08001238       0x48 ./Core/Startup/startup_stm32f103cbtx.o
                0x08001238                Reset_Handler
 .text.Default_Handler
                0x08001280        0x2 ./Core/Startup/startup_stm32f103cbtx.o
                0x08001280                RTC_Alarm_IRQHandler
                0x08001280                EXTI2_IRQHandler
                0x08001280                TIM1_CC_IRQHandler
                0x08001280                PVD_IRQHandler
                0x08001280                EXTI3_IRQHandler
                0x08001280                EXTI0_IRQHandler
                0x08001280                I2C2_EV_IRQHandler
                0x08001280                ADC1_2_IRQHandler
                0x08001280                TAMPER_IRQHandler
                0x08001280                DMA1_Channel4_IRQHandler
                0x08001280                USART3_IRQHandler
                0x08001280                RTC_IRQHandler
                0x08001280                DMA1_Channel7_IRQHandler
                0x08001280                CAN1_RX1_IRQHandler
                0x08001280                TIM4_IRQHandler
                0x08001280                I2C1_EV_IRQHandler
                0x08001280                DMA1_Channel6_IRQHandler
                0x08001280                TIM3_IRQHandler
                0x08001280                RCC_IRQHandler
                0x08001280                TIM1_TRG_COM_IRQHandler
                0x08001280                DMA1_Channel1_IRQHandler
                0x08001280                Default_Handler
                0x08001280                EXTI15_10_IRQHandler
                0x08001280                EXTI9_5_IRQHandler
                0x08001280                SPI2_IRQHandler
                0x08001280                DMA1_Channel5_IRQHandler
                0x08001280                EXTI4_IRQHandler
                0x08001280                USB_LP_CAN1_RX0_IRQHandler
                0x08001280                USB_HP_CAN1_TX_IRQHandler
                0x08001280                DMA1_Channel3_IRQHandler
                0x08001280                TIM1_UP_IRQHandler
                0x08001280                WWDG_IRQHandler
                0x08001280                TIM2_IRQHandler
                0x08001280                TIM1_BRK_IRQHandler
                0x08001280                USART2_IRQHandler
                0x08001280                I2C2_ER_IRQHandler
                0x08001280                DMA1_Channel2_IRQHandler
                0x08001280                CAN1_SCE_IRQHandler
                0x08001280                FLASH_IRQHandler
                0x08001280                I2C1_ER_IRQHandler
                0x08001280                USBWakeUp_IRQHandler
 *fill*         0x08001282        0x2 
 .text.HAL_Init
                0x08001284       0x2c ./Drivers/STM32F1xx_HAL_Driver/Src/stm32f1xx_hal.o
                0x08001284                HAL_Init
 .text.HAL_InitTick
                0x080012b0       0x60 ./Drivers/STM32F1xx_HAL_Driver/Src/stm32f1xx_hal.o
                0x080012b0                HAL_InitTick
 .text.HAL_IncTick
                0x08001310       0x24 ./Drivers/STM32F1xx_HAL_Driver/Src/stm32f1xx_hal.o
                0x08001310                HAL_IncTick
 .text.HAL_GetTick
                0x08001334       0x14 ./Drivers/STM32F1xx_HAL_Driver/Src/stm32f1xx_hal.o
                0x08001334                HAL_GetTick
 .text.HAL_Delay
                0x08001348       0x48 ./Drivers/STM32F1xx_HAL_Driver/Src/stm32f1xx_hal.o
                0x08001348                HAL_Delay
 .text.__NVIC_SetPriorityGrouping
                0x08001390       0x48 ./Drivers/STM32F1xx_HAL_Driver/Src/stm32f1xx_hal_cortex.o
 .text.__NVIC_GetPriorityGrouping
                0x080013d8       0x1c ./Drivers/STM32F1xx_HAL_Driver/Src/stm32f1xx_hal_cortex.o
 .text.__NVIC_EnableIRQ
                0x080013f4       0x38 ./Drivers/STM32F1xx_HAL_Driver/Src/stm32f1xx_hal_cortex.o
 .text.__NVIC_SetPriority
                0x0800142c       0x54 ./Drivers/STM32F1xx_HAL_Driver/Src/stm32f1xx_hal_cortex.o
 .text.NVIC_EncodePriority
                0x08001480       0x64 ./Drivers/STM32F1xx_HAL_Driver/Src/stm32f1xx_hal_cortex.o
 .text.SysTick_Config
                0x080014e4       0x44 ./Drivers/STM32F1xx_HAL_Driver/Src/stm32f1xx_hal_cortex.o
 .text.HAL_NVIC_SetPriorityGrouping
                0x08001528       0x16 ./Drivers/STM32F1xx_HAL_Driver/Src/stm32f1xx_hal_cortex.o
                0x08001528                HAL_NVIC_SetPriorityGrouping
 .text.HAL_NVIC_SetPriority
                0x0800153e       0x38 ./Drivers/STM32F1xx_HAL_Driver/Src/stm32f1xx_hal_cortex.o
                0x0800153e                HAL_NVIC_SetPriority
 .text.HAL_NVIC_EnableIRQ
                0x08001576       0x1c ./Drivers/STM32F1xx_HAL_Driver/Src/stm32f1xx_hal_cortex.o
                0x08001576                HAL_NVIC_EnableIRQ
 .text.HAL_SYSTICK_Config
                0x08001592       0x18 ./Drivers/STM32F1xx_HAL_Driver/Src/stm32f1xx_hal_cortex.o
                0x08001592                HAL_SYSTICK_Config
 .text.HAL_DMA_Abort
                0x080015aa       0x76 ./Drivers/STM32F1xx_HAL_Driver/Src/stm32f1xx_hal_dma.o
                0x080015aa                HAL_DMA_Abort
 .text.HAL_DMA_Abort_IT
                0x08001620       0xf0 ./Drivers/STM32F1xx_HAL_Driver/Src/stm32f1xx_hal_dma.o
                0x08001620                HAL_DMA_Abort_IT
 .text.HAL_GPIO_Init
                0x08001710      0x308 ./Drivers/STM32F1xx_HAL_Driver/Src/stm32f1xx_hal_gpio.o
                0x08001710                HAL_GPIO_Init
 .text.HAL_GPIO_WritePin
                0x08001a18       0x30 ./Drivers/STM32F1xx_HAL_Driver/Src/stm32f1xx_hal_gpio.o
                0x08001a18                HAL_GPIO_WritePin
 .text.HAL_GPIO_EXTI_IRQHandler
                0x08001a48       0x30 ./Drivers/STM32F1xx_HAL_Driver/Src/stm32f1xx_hal_gpio.o
                0x08001a48                HAL_GPIO_EXTI_IRQHandler
 .text.HAL_GPIO_EXTI_Callback
                0x08001a78       0x14 ./Drivers/STM32F1xx_HAL_Driver/Src/stm32f1xx_hal_gpio.o
                0x08001a78                HAL_GPIO_EXTI_Callback
 .text.HAL_RCC_OscConfig
                0x08001a8c      0x504 ./Drivers/STM32F1xx_HAL_Driver/Src/stm32f1xx_hal_rcc.o
                0x08001a8c                HAL_RCC_OscConfig
 .text.HAL_RCC_ClockConfig
                0x08001f90      0x1d4 ./Drivers/STM32F1xx_HAL_Driver/Src/stm32f1xx_hal_rcc.o
                0x08001f90                HAL_RCC_ClockConfig
 .text.HAL_RCC_GetSysClockFreq
                0x08002164       0xa8 ./Drivers/STM32F1xx_HAL_Driver/Src/stm32f1xx_hal_rcc.o
                0x08002164                HAL_RCC_GetSysClockFreq
 .text.HAL_RCC_GetHCLKFreq
                0x0800220c       0x14 ./Drivers/STM32F1xx_HAL_Driver/Src/stm32f1xx_hal_rcc.o
                0x0800220c                HAL_RCC_GetHCLKFreq
 .text.HAL_RCC_GetPCLK1Freq
                0x08002220       0x28 ./Drivers/STM32F1xx_HAL_Driver/Src/stm32f1xx_hal_rcc.o
                0x08002220                HAL_RCC_GetPCLK1Freq
 .text.HAL_RCC_GetPCLK2Freq
                0x08002248       0x28 ./Drivers/STM32F1xx_HAL_Driver/Src/stm32f1xx_hal_rcc.o
                0x08002248                HAL_RCC_GetPCLK2Freq
 .text.RCC_Delay
                0x08002270       0x3c ./Drivers/STM32F1xx_HAL_Driver/Src/stm32f1xx_hal_rcc.o
 .text.HAL_SPI_Init
                0x080022ac      0x108 ./Drivers/STM32F1xx_HAL_Driver/Src/stm32f1xx_hal_spi.o
                0x080022ac                HAL_SPI_Init
 .text.HAL_SPI_Transmit
                0x080023b4      0x288 ./Drivers/STM32F1xx_HAL_Driver/Src/stm32f1xx_hal_spi.o
                0x080023b4                HAL_SPI_Transmit
 .text.HAL_SPI_Receive
                0x0800263c      0x232 ./Drivers/STM32F1xx_HAL_Driver/Src/stm32f1xx_hal_spi.o
                0x0800263c                HAL_SPI_Receive
 .text.HAL_SPI_TransmitReceive
                0x0800286e      0x352 ./Drivers/STM32F1xx_HAL_Driver/Src/stm32f1xx_hal_spi.o
                0x0800286e                HAL_SPI_TransmitReceive
 .text.HAL_SPI_IRQHandler
                0x08002bc0      0x1cc ./Drivers/STM32F1xx_HAL_Driver/Src/stm32f1xx_hal_spi.o
                0x08002bc0                HAL_SPI_IRQHandler
 .text.HAL_SPI_ErrorCallback
                0x08002d8c       0x12 ./Drivers/STM32F1xx_HAL_Driver/Src/stm32f1xx_hal_spi.o
                0x08002d8c                HAL_SPI_ErrorCallback
 .text.SPI_DMAAbortOnError
                0x08002d9e       0x28 ./Drivers/STM32F1xx_HAL_Driver/Src/stm32f1xx_hal_spi.o
 *fill*         0x08002dc6        0x2 
 .text.SPI_WaitFlagStateUntilTimeout
                0x08002dc8      0x110 ./Drivers/STM32F1xx_HAL_Driver/Src/stm32f1xx_hal_spi.o
 .text.SPI_EndRxTransaction
                0x08002ed8       0xa4 ./Drivers/STM32F1xx_HAL_Driver/Src/stm32f1xx_hal_spi.o
 .text.SPI_EndRxTxTransaction
                0x08002f7c       0x62 ./Drivers/STM32F1xx_HAL_Driver/Src/stm32f1xx_hal_spi.o
 .text.HAL_TIM_Base_Init
                0x08002fde       0x9e ./Drivers/STM32F1xx_HAL_Driver/Src/stm32f1xx_hal_tim.o
                0x08002fde                HAL_TIM_Base_Init
 .text.HAL_TIM_PWM_Init
                0x0800307c       0x9e ./Drivers/STM32F1xx_HAL_Driver/Src/stm32f1xx_hal_tim.o
                0x0800307c                HAL_TIM_PWM_Init
 .text.HAL_TIM_PWM_MspInit
                0x0800311a       0x12 ./Drivers/STM32F1xx_HAL_Driver/Src/stm32f1xx_hal_tim.o
                0x0800311a                HAL_TIM_PWM_MspInit
 .text.HAL_TIM_PWM_ConfigChannel
                0x0800312c      0x184 ./Drivers/STM32F1xx_HAL_Driver/Src/stm32f1xx_hal_tim.o
                0x0800312c                HAL_TIM_PWM_ConfigChannel
 .text.HAL_TIM_ConfigClockSource
                0x080032b0      0x18e ./Drivers/STM32F1xx_HAL_Driver/Src/stm32f1xx_hal_tim.o
                0x080032b0                HAL_TIM_ConfigClockSource
 *fill*         0x0800343e        0x2 
 .text.TIM_Base_SetConfig
                0x08003440       0xdc ./Drivers/STM32F1xx_HAL_Driver/Src/stm32f1xx_hal_tim.o
                0x08003440                TIM_Base_SetConfig
 .text.TIM_OC1_SetConfig
                0x0800351c       0xcc ./Drivers/STM32F1xx_HAL_Driver/Src/stm32f1xx_hal_tim.o
 .text.TIM_OC2_SetConfig
                0x080035e8       0xd4 ./Drivers/STM32F1xx_HAL_Driver/Src/stm32f1xx_hal_tim.o
                0x080035e8                TIM_OC2_SetConfig
 .text.TIM_OC3_SetConfig
                0x080036bc       0xd4 ./Drivers/STM32F1xx_HAL_Driver/Src/stm32f1xx_hal_tim.o
 .text.TIM_OC4_SetConfig
                0x08003790       0x9c ./Drivers/STM32F1xx_HAL_Driver/Src/stm32f1xx_hal_tim.o
 .text.TIM_TI1_ConfigInputStage
                0x0800382c       0x5c ./Drivers/STM32F1xx_HAL_Driver/Src/stm32f1xx_hal_tim.o
 .text.TIM_TI2_ConfigInputStage
                0x08003888       0x5e ./Drivers/STM32F1xx_HAL_Driver/Src/stm32f1xx_hal_tim.o
 .text.TIM_ITRx_SetConfig
                0x080038e6       0x34 ./Drivers/STM32F1xx_HAL_Driver/Src/stm32f1xx_hal_tim.o
 .text.TIM_ETR_SetConfig
                0x0800391a       0x3e ./Drivers/STM32F1xx_HAL_Driver/Src/stm32f1xx_hal_tim.o
                0x0800391a                TIM_ETR_SetConfig
 .text.HAL_TIMEx_MasterConfigSynchronization
                0x08003958       0xbc ./Drivers/STM32F1xx_HAL_Driver/Src/stm32f1xx_hal_tim_ex.o
                0x08003958                HAL_TIMEx_MasterConfigSynchronization
 .text.HAL_UART_Init
                0x08003a14       0xa0 ./Drivers/STM32F1xx_HAL_Driver/Src/stm32f1xx_hal_uart.o
                0x08003a14                HAL_UART_Init
 .text.HAL_UART_Transmit
                0x08003ab4      0x116 ./Drivers/STM32F1xx_HAL_Driver/Src/stm32f1xx_hal_uart.o
                0x08003ab4                HAL_UART_Transmit
 *fill*         0x08003bca        0x2 
 .text.HAL_UART_IRQHandler
                0x08003bcc      0x524 ./Drivers/STM32F1xx_HAL_Driver/Src/stm32f1xx_hal_uart.o
                0x08003bcc                HAL_UART_IRQHandler
 .text.HAL_UART_TxCpltCallback
                0x080040f0       0x12 ./Drivers/STM32F1xx_HAL_Driver/Src/stm32f1xx_hal_uart.o
                0x080040f0                HAL_UART_TxCpltCallback
 .text.HAL_UART_RxCpltCallback
                0x08004102       0x12 ./Drivers/STM32F1xx_HAL_Driver/Src/stm32f1xx_hal_uart.o
                0x08004102                HAL_UART_RxCpltCallback
 .text.HAL_UART_ErrorCallback
                0x08004114       0x12 ./Drivers/STM32F1xx_HAL_Driver/Src/stm32f1xx_hal_uart.o
                0x08004114                HAL_UART_ErrorCallback
 .text.HAL_UARTEx_RxEventCallback
                0x08004126       0x16 ./Drivers/STM32F1xx_HAL_Driver/Src/stm32f1xx_hal_uart.o
                0x08004126                HAL_UARTEx_RxEventCallback
 .text.UART_WaitOnFlagUntilTimeout
                0x0800413c       0xb2 ./Drivers/STM32F1xx_HAL_Driver/Src/stm32f1xx_hal_uart.o
 .text.UART_EndRxTransfer
                0x080041ee       0xc4 ./Drivers/STM32F1xx_HAL_Driver/Src/stm32f1xx_hal_uart.o
 .text.UART_DMAAbortOnError
                0x080042b2       0x28 ./Drivers/STM32F1xx_HAL_Driver/Src/stm32f1xx_hal_uart.o
 .text.UART_Transmit_IT
                0x080042da       0x9e ./Drivers/STM32F1xx_HAL_Driver/Src/stm32f1xx_hal_uart.o
 .text.UART_EndTransmit_IT
                0x08004378       0x30 ./Drivers/STM32F1xx_HAL_Driver/Src/stm32f1xx_hal_uart.o
 .text.UART_Receive_IT
                0x080043a8      0x17c ./Drivers/STM32F1xx_HAL_Driver/Src/stm32f1xx_hal_uart.o
 .text.UART_SetConfig
                0x08004524      0x11c ./Drivers/STM32F1xx_HAL_Driver/Src/stm32f1xx_hal_uart.o
 .text.csn_high
                0x08004640       0x18 ./Drivers/nrf24/NRF24.o
                0x08004640                csn_high
 .text.csn_low  0x08004658       0x18 ./Drivers/nrf24/NRF24.o
                0x08004658                csn_low
 .text.ce_high  0x08004670       0x18 ./Drivers/nrf24/NRF24.o
                0x08004670                ce_high
 .text.ce_low   0x08004688       0x18 ./Drivers/nrf24/NRF24.o
                0x08004688                ce_low
 .text.nrf24_w_reg
                0x080046a0       0x50 ./Drivers/nrf24/NRF24.o
                0x080046a0                nrf24_w_reg
 .text.nrf24_r_reg
                0x080046f0       0x50 ./Drivers/nrf24/NRF24.o
                0x080046f0                nrf24_r_reg
 .text.nrf24_w_spec_cmd
                0x08004740       0x24 ./Drivers/nrf24/NRF24.o
                0x08004740                nrf24_w_spec_cmd
 .text.nrf24_pwr_up
                0x08004764       0x34 ./Drivers/nrf24/NRF24.o
                0x08004764                nrf24_pwr_up
 .text.nrf24_tx_pwr
                0x08004798       0x4e ./Drivers/nrf24/NRF24.o
                0x08004798                nrf24_tx_pwr
 .text.nrf24_data_rate
                0x080047e6       0x5c ./Drivers/nrf24/NRF24.o
                0x080047e6                nrf24_data_rate
 .text.nrf24_set_channel
                0x08004842       0x1e ./Drivers/nrf24/NRF24.o
                0x08004842                nrf24_set_channel
 .text.nrf24_open_tx_pipe
                0x08004860       0x1a ./Drivers/nrf24/NRF24.o
                0x08004860                nrf24_open_tx_pipe
 *fill*         0x0800487a        0x2 
 .text.nrf24_pipe_pld_size
                0x0800487c       0x9c ./Drivers/nrf24/NRF24.o
                0x0800487c                nrf24_pipe_pld_size
 .text.nrf24_open_rx_pipe
                0x08004918       0xdc ./Drivers/nrf24/NRF24.o
                0x08004918                nrf24_open_rx_pipe
 .text.nrf24_set_crc
                0x080049f4       0x5c ./Drivers/nrf24/NRF24.o
                0x080049f4                nrf24_set_crc
 .text.nrf24_flush_tx
                0x08004a50       0x16 ./Drivers/nrf24/NRF24.o
                0x08004a50                nrf24_flush_tx
 .text.nrf24_flush_rx
                0x08004a66       0x16 ./Drivers/nrf24/NRF24.o
                0x08004a66                nrf24_flush_rx
 .text.nrf24_r_status
                0x08004a7c       0x38 ./Drivers/nrf24/NRF24.o
                0x08004a7c                nrf24_r_status
 .text.nrf24_clear_rx_dr
                0x08004ab4       0x30 ./Drivers/nrf24/NRF24.o
                0x08004ab4                nrf24_clear_rx_dr
 .text.nrf24_clear_tx_ds
                0x08004ae4       0x30 ./Drivers/nrf24/NRF24.o
                0x08004ae4                nrf24_clear_tx_ds
 .text.nrf24_clear_max_rt
                0x08004b14       0x30 ./Drivers/nrf24/NRF24.o
                0x08004b14                nrf24_clear_max_rt
 .text.nrf24_listen
                0x08004b44       0x38 ./Drivers/nrf24/NRF24.o
                0x08004b44                nrf24_listen
 .text.nrf24_stop_listen
                0x08004b7c       0x34 ./Drivers/nrf24/NRF24.o
                0x08004b7c                nrf24_stop_listen
 .text.nrf24_transmit
                0x08004bb0       0x74 ./Drivers/nrf24/NRF24.o
                0x08004bb0                nrf24_transmit
 .text.nrf24_data_available
                0x08004c24       0x2a ./Drivers/nrf24/NRF24.o
                0x08004c24                nrf24_data_available
 *fill*         0x08004c4e        0x2 
 .text.nrf24_receive
                0x08004c50       0x48 ./Drivers/nrf24/NRF24.o
                0x08004c50                nrf24_receive
 .text.nrf24_init
                0x08004c98       0x20 ./Drivers/nrf24/NRF24.o
                0x08004c98                nrf24_init
 .text.std      0x08004cb8       0x6c D:/Cube_IDE/STM32CubeIDE_1.18.1/STM32CubeIDE/plugins/com.st.stm32cube.ide.mcu.externaltools.gnu-tools-for-stm32.13.3.rel1.win32_1.0.0.202411081344/tools/bin/../lib/gcc/arm-none-eabi/13.3.1/../../../../arm-none-eabi/lib/thumb/v7-m/nofp\libc_nano.a(libc_a-findfp.o)
 .text.stdio_exit_handler
                0x08004d24       0x18 D:/Cube_IDE/STM32CubeIDE_1.18.1/STM32CubeIDE/plugins/com.st.stm32cube.ide.mcu.externaltools.gnu-tools-for-stm32.13.3.rel1.win32_1.0.0.202411081344/tools/bin/../lib/gcc/arm-none-eabi/13.3.1/../../../../arm-none-eabi/lib/thumb/v7-m/nofp\libc_nano.a(libc_a-findfp.o)
 .text.cleanup_stdio
                0x08004d3c       0x40 D:/Cube_IDE/STM32CubeIDE_1.18.1/STM32CubeIDE/plugins/com.st.stm32cube.ide.mcu.externaltools.gnu-tools-for-stm32.13.3.rel1.win32_1.0.0.202411081344/tools/bin/../lib/gcc/arm-none-eabi/13.3.1/../../../../arm-none-eabi/lib/thumb/v7-m/nofp\libc_nano.a(libc_a-findfp.o)
 .text.global_stdio_init.part.0
                0x08004d7c       0x3c D:/Cube_IDE/STM32CubeIDE_1.18.1/STM32CubeIDE/plugins/com.st.stm32cube.ide.mcu.externaltools.gnu-tools-for-stm32.13.3.rel1.win32_1.0.0.202411081344/tools/bin/../lib/gcc/arm-none-eabi/13.3.1/../../../../arm-none-eabi/lib/thumb/v7-m/nofp\libc_nano.a(libc_a-findfp.o)
 .text.__sfp_lock_acquire
                0x08004db8        0xc D:/Cube_IDE/STM32CubeIDE_1.18.1/STM32CubeIDE/plugins/com.st.stm32cube.ide.mcu.externaltools.gnu-tools-for-stm32.13.3.rel1.win32_1.0.0.202411081344/tools/bin/../lib/gcc/arm-none-eabi/13.3.1/../../../../arm-none-eabi/lib/thumb/v7-m/nofp\libc_nano.a(libc_a-findfp.o)
                0x08004db8                __sfp_lock_acquire
 .text.__sfp_lock_release
                0x08004dc4        0xc D:/Cube_IDE/STM32CubeIDE_1.18.1/STM32CubeIDE/plugins/com.st.stm32cube.ide.mcu.externaltools.gnu-tools-for-stm32.13.3.rel1.win32_1.0.0.202411081344/tools/bin/../lib/gcc/arm-none-eabi/13.3.1/../../../../arm-none-eabi/lib/thumb/v7-m/nofp\libc_nano.a(libc_a-findfp.o)
                0x08004dc4                __sfp_lock_release
 .text.__sinit  0x08004dd0       0x30 D:/Cube_IDE/STM32CubeIDE_1.18.1/STM32CubeIDE/plugins/com.st.stm32cube.ide.mcu.externaltools.gnu-tools-for-stm32.13.3.rel1.win32_1.0.0.202411081344/tools/bin/../lib/gcc/arm-none-eabi/13.3.1/../../../../arm-none-eabi/lib/thumb/v7-m/nofp\libc_nano.a(libc_a-findfp.o)
                0x08004dd0                __sinit
 .text._fwalk_sglue
                0x08004e00       0x3c D:/Cube_IDE/STM32CubeIDE_1.18.1/STM32CubeIDE/plugins/com.st.stm32cube.ide.mcu.externaltools.gnu-tools-for-stm32.13.3.rel1.win32_1.0.0.202411081344/tools/bin/../lib/gcc/arm-none-eabi/13.3.1/../../../../arm-none-eabi/lib/thumb/v7-m/nofp\libc_nano.a(libc_a-fwalk.o)
                0x08004e00                _fwalk_sglue
 .text.printf   0x08004e3c       0x24 D:/Cube_IDE/STM32CubeIDE_1.18.1/STM32CubeIDE/plugins/com.st.stm32cube.ide.mcu.externaltools.gnu-tools-for-stm32.13.3.rel1.win32_1.0.0.202411081344/tools/bin/../lib/gcc/arm-none-eabi/13.3.1/../../../../arm-none-eabi/lib/thumb/v7-m/nofp\libc_nano.a(libc_a-printf.o)
                0x08004e3c                iprintf
                0x08004e3c                printf
 .text._puts_r  0x08004e60       0xaa D:/Cube_IDE/STM32CubeIDE_1.18.1/STM32CubeIDE/plugins/com.st.stm32cube.ide.mcu.externaltools.gnu-tools-for-stm32.13.3.rel1.win32_1.0.0.202411081344/tools/bin/../lib/gcc/arm-none-eabi/13.3.1/../../../../arm-none-eabi/lib/thumb/v7-m/nofp\libc_nano.a(libc_a-puts.o)
                0x08004e60                _puts_r
 *fill*         0x08004f0a        0x2 
 .text.puts     0x08004f0c       0x10 D:/Cube_IDE/STM32CubeIDE_1.18.1/STM32CubeIDE/plugins/com.st.stm32cube.ide.mcu.externaltools.gnu-tools-for-stm32.13.3.rel1.win32_1.0.0.202411081344/tools/bin/../lib/gcc/arm-none-eabi/13.3.1/../../../../arm-none-eabi/lib/thumb/v7-m/nofp\libc_nano.a(libc_a-puts.o)
                0x08004f0c                puts
 .text.sprintf  0x08004f1c       0x44 D:/Cube_IDE/STM32CubeIDE_1.18.1/STM32CubeIDE/plugins/com.st.stm32cube.ide.mcu.externaltools.gnu-tools-for-stm32.13.3.rel1.win32_1.0.0.202411081344/tools/bin/../lib/gcc/arm-none-eabi/13.3.1/../../../../arm-none-eabi/lib/thumb/v7-m/nofp\libc_nano.a(libc_a-sprintf.o)
                0x08004f1c                siprintf
                0x08004f1c                sprintf
 .text.__sread  0x08004f60       0x22 D:/Cube_IDE/STM32CubeIDE_1.18.1/STM32CubeIDE/plugins/com.st.stm32cube.ide.mcu.externaltools.gnu-tools-for-stm32.13.3.rel1.win32_1.0.0.202411081344/tools/bin/../lib/gcc/arm-none-eabi/13.3.1/../../../../arm-none-eabi/lib/thumb/v7-m/nofp\libc_nano.a(libc_a-stdio.o)
                0x08004f60                __sread
 .text.__swrite
                0x08004f82       0x38 D:/Cube_IDE/STM32CubeIDE_1.18.1/STM32CubeIDE/plugins/com.st.stm32cube.ide.mcu.externaltools.gnu-tools-for-stm32.13.3.rel1.win32_1.0.0.202411081344/tools/bin/../lib/gcc/arm-none-eabi/13.3.1/../../../../arm-none-eabi/lib/thumb/v7-m/nofp\libc_nano.a(libc_a-stdio.o)
                0x08004f82                __swrite
 .text.__sseek  0x08004fba       0x24 D:/Cube_IDE/STM32CubeIDE_1.18.1/STM32CubeIDE/plugins/com.st.stm32cube.ide.mcu.externaltools.gnu-tools-for-stm32.13.3.rel1.win32_1.0.0.202411081344/tools/bin/../lib/gcc/arm-none-eabi/13.3.1/../../../../arm-none-eabi/lib/thumb/v7-m/nofp\libc_nano.a(libc_a-stdio.o)
                0x08004fba                __sseek
 .text.__sclose
                0x08004fde        0x8 D:/Cube_IDE/STM32CubeIDE_1.18.1/STM32CubeIDE/plugins/com.st.stm32cube.ide.mcu.externaltools.gnu-tools-for-stm32.13.3.rel1.win32_1.0.0.202411081344/tools/bin/../lib/gcc/arm-none-eabi/13.3.1/../../../../arm-none-eabi/lib/thumb/v7-m/nofp\libc_nano.a(libc_a-stdio.o)
                0x08004fde                __sclose
 .text.__swbuf_r
                0x08004fe6       0x7c D:/Cube_IDE/STM32CubeIDE_1.18.1/STM32CubeIDE/plugins/com.st.stm32cube.ide.mcu.externaltools.gnu-tools-for-stm32.13.3.rel1.win32_1.0.0.202411081344/tools/bin/../lib/gcc/arm-none-eabi/13.3.1/../../../../arm-none-eabi/lib/thumb/v7-m/nofp\libc_nano.a(libc_a-wbuf.o)
                0x08004fe6                __swbuf_r
 *fill*         0x08005062        0x2 
 .text.__swsetup_r
                0x08005064       0xac D:/Cube_IDE/STM32CubeIDE_1.18.1/STM32CubeIDE/plugins/com.st.stm32cube.ide.mcu.externaltools.gnu-tools-for-stm32.13.3.rel1.win32_1.0.0.202411081344/tools/bin/../lib/gcc/arm-none-eabi/13.3.1/../../../../arm-none-eabi/lib/thumb/v7-m/nofp\libc_nano.a(libc_a-wsetup.o)
                0x08005064                __swsetup_r
 .text.memset   0x08005110       0x10 D:/Cube_IDE/STM32CubeIDE_1.18.1/STM32CubeIDE/plugins/com.st.stm32cube.ide.mcu.externaltools.gnu-tools-for-stm32.13.3.rel1.win32_1.0.0.202411081344/tools/bin/../lib/gcc/arm-none-eabi/13.3.1/../../../../arm-none-eabi/lib/thumb/v7-m/nofp\libc_nano.a(libc_a-memset.o)
                0x08005110                memset
 .text._close_r
                0x08005120       0x20 D:/Cube_IDE/STM32CubeIDE_1.18.1/STM32CubeIDE/plugins/com.st.stm32cube.ide.mcu.externaltools.gnu-tools-for-stm32.13.3.rel1.win32_1.0.0.202411081344/tools/bin/../lib/gcc/arm-none-eabi/13.3.1/../../../../arm-none-eabi/lib/thumb/v7-m/nofp\libc_nano.a(libc_a-closer.o)
                0x08005120                _close_r
 .text._lseek_r
                0x08005140       0x24 D:/Cube_IDE/STM32CubeIDE_1.18.1/STM32CubeIDE/plugins/com.st.stm32cube.ide.mcu.externaltools.gnu-tools-for-stm32.13.3.rel1.win32_1.0.0.202411081344/tools/bin/../lib/gcc/arm-none-eabi/13.3.1/../../../../arm-none-eabi/lib/thumb/v7-m/nofp\libc_nano.a(libc_a-lseekr.o)
                0x08005140                _lseek_r
 .text._read_r  0x08005164       0x24 D:/Cube_IDE/STM32CubeIDE_1.18.1/STM32CubeIDE/plugins/com.st.stm32cube.ide.mcu.externaltools.gnu-tools-for-stm32.13.3.rel1.win32_1.0.0.202411081344/tools/bin/../lib/gcc/arm-none-eabi/13.3.1/../../../../arm-none-eabi/lib/thumb/v7-m/nofp\libc_nano.a(libc_a-readr.o)
                0x08005164                _read_r
 .text._write_r
                0x08005188       0x24 D:/Cube_IDE/STM32CubeIDE_1.18.1/STM32CubeIDE/plugins/com.st.stm32cube.ide.mcu.externaltools.gnu-tools-for-stm32.13.3.rel1.win32_1.0.0.202411081344/tools/bin/../lib/gcc/arm-none-eabi/13.3.1/../../../../arm-none-eabi/lib/thumb/v7-m/nofp\libc_nano.a(libc_a-writer.o)
                0x08005188                _write_r
 .text.__errno  0x080051ac        0xc D:/Cube_IDE/STM32CubeIDE_1.18.1/STM32CubeIDE/plugins/com.st.stm32cube.ide.mcu.externaltools.gnu-tools-for-stm32.13.3.rel1.win32_1.0.0.202411081344/tools/bin/../lib/gcc/arm-none-eabi/13.3.1/../../../../arm-none-eabi/lib/thumb/v7-m/nofp\libc_nano.a(libc_a-errno.o)
                0x080051ac                __errno
 .text.__libc_init_array
                0x080051b8       0x48 D:/Cube_IDE/STM32CubeIDE_1.18.1/STM32CubeIDE/plugins/com.st.stm32cube.ide.mcu.externaltools.gnu-tools-for-stm32.13.3.rel1.win32_1.0.0.202411081344/tools/bin/../lib/gcc/arm-none-eabi/13.3.1/../../../../arm-none-eabi/lib/thumb/v7-m/nofp\libc_nano.a(libc_a-init.o)
                0x080051b8                __libc_init_array
 .text.__retarget_lock_init_recursive
                0x08005200        0x2 D:/Cube_IDE/STM32CubeIDE_1.18.1/STM32CubeIDE/plugins/com.st.stm32cube.ide.mcu.externaltools.gnu-tools-for-stm32.13.3.rel1.win32_1.0.0.202411081344/tools/bin/../lib/gcc/arm-none-eabi/13.3.1/../../../../arm-none-eabi/lib/thumb/v7-m/nofp\libc_nano.a(libc_a-lock.o)
                0x08005200                __retarget_lock_init_recursive
 .text.__retarget_lock_acquire_recursive
                0x08005202        0x2 D:/Cube_IDE/STM32CubeIDE_1.18.1/STM32CubeIDE/plugins/com.st.stm32cube.ide.mcu.externaltools.gnu-tools-for-stm32.13.3.rel1.win32_1.0.0.202411081344/tools/bin/../lib/gcc/arm-none-eabi/13.3.1/../../../../arm-none-eabi/lib/thumb/v7-m/nofp\libc_nano.a(libc_a-lock.o)
                0x08005202                __retarget_lock_acquire_recursive
 .text.__retarget_lock_release_recursive
                0x08005204        0x2 D:/Cube_IDE/STM32CubeIDE_1.18.1/STM32CubeIDE/plugins/com.st.stm32cube.ide.mcu.externaltools.gnu-tools-for-stm32.13.3.rel1.win32_1.0.0.202411081344/tools/bin/../lib/gcc/arm-none-eabi/13.3.1/../../../../arm-none-eabi/lib/thumb/v7-m/nofp\libc_nano.a(libc_a-lock.o)
                0x08005204                __retarget_lock_release_recursive
 .text.strcpy   0x08005206       0x10 D:/Cube_IDE/STM32CubeIDE_1.18.1/STM32CubeIDE/plugins/com.st.stm32cube.ide.mcu.externaltools.gnu-tools-for-stm32.13.3.rel1.win32_1.0.0.202411081344/tools/bin/../lib/gcc/arm-none-eabi/13.3.1/../../../../arm-none-eabi/lib/thumb/v7-m/nofp\libc_nano.a(libc_a-strcpy.o)
                0x08005206                strcpy
 *fill*         0x08005216        0x2 
 .text._free_r  0x08005218       0x90 D:/Cube_IDE/STM32CubeIDE_1.18.1/STM32CubeIDE/plugins/com.st.stm32cube.ide.mcu.externaltools.gnu-tools-for-stm32.13.3.rel1.win32_1.0.0.202411081344/tools/bin/../lib/gcc/arm-none-eabi/13.3.1/../../../../arm-none-eabi/lib/thumb/v7-m/nofp\libc_nano.a(libc_a-freer.o)
                0x08005218                _free_r
 .text.sbrk_aligned
                0x080052a8       0x44 D:/Cube_IDE/STM32CubeIDE_1.18.1/STM32CubeIDE/plugins/com.st.stm32cube.ide.mcu.externaltools.gnu-tools-for-stm32.13.3.rel1.win32_1.0.0.202411081344/tools/bin/../lib/gcc/arm-none-eabi/13.3.1/../../../../arm-none-eabi/lib/thumb/v7-m/nofp\libc_nano.a(libc_a-mallocr.o)
 .text._malloc_r
                0x080052ec      0x100 D:/Cube_IDE/STM32CubeIDE_1.18.1/STM32CubeIDE/plugins/com.st.stm32cube.ide.mcu.externaltools.gnu-tools-for-stm32.13.3.rel1.win32_1.0.0.202411081344/tools/bin/../lib/gcc/arm-none-eabi/13.3.1/../../../../arm-none-eabi/lib/thumb/v7-m/nofp\libc_nano.a(libc_a-mallocr.o)
                0x080052ec                _malloc_r
 .text.__malloc_lock
                0x080053ec        0xc D:/Cube_IDE/STM32CubeIDE_1.18.1/STM32CubeIDE/plugins/com.st.stm32cube.ide.mcu.externaltools.gnu-tools-for-stm32.13.3.rel1.win32_1.0.0.202411081344/tools/bin/../lib/gcc/arm-none-eabi/13.3.1/../../../../arm-none-eabi/lib/thumb/v7-m/nofp\libc_nano.a(libc_a-mlock.o)
                0x080053ec                __malloc_lock
 .text.__malloc_unlock
                0x080053f8        0xc D:/Cube_IDE/STM32CubeIDE_1.18.1/STM32CubeIDE/plugins/com.st.stm32cube.ide.mcu.externaltools.gnu-tools-for-stm32.13.3.rel1.win32_1.0.0.202411081344/tools/bin/../lib/gcc/arm-none-eabi/13.3.1/../../../../arm-none-eabi/lib/thumb/v7-m/nofp\libc_nano.a(libc_a-mlock.o)
                0x080053f8                __malloc_unlock
 .text.__ssputs_r
                0x08005404       0xb6 D:/Cube_IDE/STM32CubeIDE_1.18.1/STM32CubeIDE/plugins/com.st.stm32cube.ide.mcu.externaltools.gnu-tools-for-stm32.13.3.rel1.win32_1.0.0.202411081344/tools/bin/../lib/gcc/arm-none-eabi/13.3.1/../../../../arm-none-eabi/lib/thumb/v7-m/nofp\libc_nano.a(libc_a-nano-svfprintf.o)
                0x08005404                __ssputs_r
 *fill*         0x080054ba        0x2 
 .text._svfprintf_r
                0x080054bc      0x1f8 D:/Cube_IDE/STM32CubeIDE_1.18.1/STM32CubeIDE/plugins/com.st.stm32cube.ide.mcu.externaltools.gnu-tools-for-stm32.13.3.rel1.win32_1.0.0.202411081344/tools/bin/../lib/gcc/arm-none-eabi/13.3.1/../../../../arm-none-eabi/lib/thumb/v7-m/nofp\libc_nano.a(libc_a-nano-svfprintf.o)
                0x080054bc                _svfiprintf_r
                0x080054bc                _svfprintf_r
 .text.__sfputc_r
                0x080056b4       0x2a D:/Cube_IDE/STM32CubeIDE_1.18.1/STM32CubeIDE/plugins/com.st.stm32cube.ide.mcu.externaltools.gnu-tools-for-stm32.13.3.rel1.win32_1.0.0.202411081344/tools/bin/../lib/gcc/arm-none-eabi/13.3.1/../../../../arm-none-eabi/lib/thumb/v7-m/nofp\libc_nano.a(libc_a-nano-vfprintf.o)
 .text.__sfputs_r
                0x080056de       0x24 D:/Cube_IDE/STM32CubeIDE_1.18.1/STM32CubeIDE/plugins/com.st.stm32cube.ide.mcu.externaltools.gnu-tools-for-stm32.13.3.rel1.win32_1.0.0.202411081344/tools/bin/../lib/gcc/arm-none-eabi/13.3.1/../../../../arm-none-eabi/lib/thumb/v7-m/nofp\libc_nano.a(libc_a-nano-vfprintf.o)
                0x080056de                __sfputs_r
 *fill*         0x08005702        0x2 
 .text._vfprintf_r
                0x08005704      0x230 D:/Cube_IDE/STM32CubeIDE_1.18.1/STM32CubeIDE/plugins/com.st.stm32cube.ide.mcu.externaltools.gnu-tools-for-stm32.13.3.rel1.win32_1.0.0.202411081344/tools/bin/../lib/gcc/arm-none-eabi/13.3.1/../../../../arm-none-eabi/lib/thumb/v7-m/nofp\libc_nano.a(libc_a-nano-vfprintf.o)
                0x08005704                _vfprintf_r
                0x08005704                _vfiprintf_r
 .text._printf_common
                0x08005934       0xe4 D:/Cube_IDE/STM32CubeIDE_1.18.1/STM32CubeIDE/plugins/com.st.stm32cube.ide.mcu.externaltools.gnu-tools-for-stm32.13.3.rel1.win32_1.0.0.202411081344/tools/bin/../lib/gcc/arm-none-eabi/13.3.1/../../../../arm-none-eabi/lib/thumb/v7-m/nofp\libc_nano.a(libc_a-nano-vfprintf_i.o)
                0x08005934                _printf_common
 .text._printf_i
                0x08005a18      0x23c D:/Cube_IDE/STM32CubeIDE_1.18.1/STM32CubeIDE/plugins/com.st.stm32cube.ide.mcu.externaltools.gnu-tools-for-stm32.13.3.rel1.win32_1.0.0.202411081344/tools/bin/../lib/gcc/arm-none-eabi/13.3.1/../../../../arm-none-eabi/lib/thumb/v7-m/nofp\libc_nano.a(libc_a-nano-vfprintf_i.o)
                0x08005a18                _printf_i
 .text.__sflush_r
                0x08005c54      0x100 D:/Cube_IDE/STM32CubeIDE_1.18.1/STM32CubeIDE/plugins/com.st.stm32cube.ide.mcu.externaltools.gnu-tools-for-stm32.13.3.rel1.win32_1.0.0.202411081344/tools/bin/../lib/gcc/arm-none-eabi/13.3.1/../../../../arm-none-eabi/lib/thumb/v7-m/nofp\libc_nano.a(libc_a-fflush.o)
                0x08005c54                __sflush_r
 .text._fflush_r
                0x08005d54       0x50 D:/Cube_IDE/STM32CubeIDE_1.18.1/STM32CubeIDE/plugins/com.st.stm32cube.ide.mcu.externaltools.gnu-tools-for-stm32.13.3.rel1.win32_1.0.0.202411081344/tools/bin/../lib/gcc/arm-none-eabi/13.3.1/../../../../arm-none-eabi/lib/thumb/v7-m/nofp\libc_nano.a(libc_a-fflush.o)
                0x08005d54                _fflush_r
 .text.__swhatbuf_r
                0x08005da4       0x4a D:/Cube_IDE/STM32CubeIDE_1.18.1/STM32CubeIDE/plugins/com.st.stm32cube.ide.mcu.externaltools.gnu-tools-for-stm32.13.3.rel1.win32_1.0.0.202411081344/tools/bin/../lib/gcc/arm-none-eabi/13.3.1/../../../../arm-none-eabi/lib/thumb/v7-m/nofp\libc_nano.a(libc_a-makebuf.o)
                0x08005da4                __swhatbuf_r
 .text.__smakebuf_r
                0x08005dee       0x78 D:/Cube_IDE/STM32CubeIDE_1.18.1/STM32CubeIDE/plugins/com.st.stm32cube.ide.mcu.externaltools.gnu-tools-for-stm32.13.3.rel1.win32_1.0.0.202411081344/tools/bin/../lib/gcc/arm-none-eabi/13.3.1/../../../../arm-none-eabi/lib/thumb/v7-m/nofp\libc_nano.a(libc_a-makebuf.o)
                0x08005dee                __smakebuf_r
 .text.memmove  0x08005e66       0x34 D:/Cube_IDE/STM32CubeIDE_1.18.1/STM32CubeIDE/plugins/com.st.stm32cube.ide.mcu.externaltools.gnu-tools-for-stm32.13.3.rel1.win32_1.0.0.202411081344/tools/bin/../lib/gcc/arm-none-eabi/13.3.1/../../../../arm-none-eabi/lib/thumb/v7-m/nofp\libc_nano.a(libc_a-memmove.o)
                0x08005e66                memmove
 *fill*         0x08005e9a        0x2 
 .text._fstat_r
                0x08005e9c       0x24 D:/Cube_IDE/STM32CubeIDE_1.18.1/STM32CubeIDE/plugins/com.st.stm32cube.ide.mcu.externaltools.gnu-tools-for-stm32.13.3.rel1.win32_1.0.0.202411081344/tools/bin/../lib/gcc/arm-none-eabi/13.3.1/../../../../arm-none-eabi/lib/thumb/v7-m/nofp\libc_nano.a(libc_a-fstatr.o)
                0x08005e9c                _fstat_r
 .text._isatty_r
                0x08005ec0       0x20 D:/Cube_IDE/STM32CubeIDE_1.18.1/STM32CubeIDE/plugins/com.st.stm32cube.ide.mcu.externaltools.gnu-tools-for-stm32.13.3.rel1.win32_1.0.0.202411081344/tools/bin/../lib/gcc/arm-none-eabi/13.3.1/../../../../arm-none-eabi/lib/thumb/v7-m/nofp\libc_nano.a(libc_a-isattyr.o)
                0x08005ec0                _isatty_r
 .text._sbrk_r  0x08005ee0       0x20 D:/Cube_IDE/STM32CubeIDE_1.18.1/STM32CubeIDE/plugins/com.st.stm32cube.ide.mcu.externaltools.gnu-tools-for-stm32.13.3.rel1.win32_1.0.0.202411081344/tools/bin/../lib/gcc/arm-none-eabi/13.3.1/../../../../arm-none-eabi/lib/thumb/v7-m/nofp\libc_nano.a(libc_a-sbrkr.o)
                0x08005ee0                _sbrk_r
 .text.memchr   0x08005f00       0x1c D:/Cube_IDE/STM32CubeIDE_1.18.1/STM32CubeIDE/plugins/com.st.stm32cube.ide.mcu.externaltools.gnu-tools-for-stm32.13.3.rel1.win32_1.0.0.202411081344/tools/bin/../lib/gcc/arm-none-eabi/13.3.1/../../../../arm-none-eabi/lib/thumb/v7-m/nofp\libc_nano.a(libc_a-memchr-stub.o)
                0x08005f00                memchr
 .text.memcpy   0x08005f1c       0x1c D:/Cube_IDE/STM32CubeIDE_1.18.1/STM32CubeIDE/plugins/com.st.stm32cube.ide.mcu.externaltools.gnu-tools-for-stm32.13.3.rel1.win32_1.0.0.202411081344/tools/bin/../lib/gcc/arm-none-eabi/13.3.1/../../../../arm-none-eabi/lib/thumb/v7-m/nofp\libc_nano.a(libc_a-memcpy-stub.o)
                0x08005f1c                memcpy
 .text._realloc_r
                0x08005f38       0x5c D:/Cube_IDE/STM32CubeIDE_1.18.1/STM32CubeIDE/plugins/com.st.stm32cube.ide.mcu.externaltools.gnu-tools-for-stm32.13.3.rel1.win32_1.0.0.202411081344/tools/bin/../lib/gcc/arm-none-eabi/13.3.1/../../../../arm-none-eabi/lib/thumb/v7-m/nofp\libc_nano.a(libc_a-reallocr.o)
                0x08005f38                _realloc_r
 .text._malloc_usable_size_r
                0x08005f94       0x10 D:/Cube_IDE/STM32CubeIDE_1.18.1/STM32CubeIDE/plugins/com.st.stm32cube.ide.mcu.externaltools.gnu-tools-for-stm32.13.3.rel1.win32_1.0.0.202411081344/tools/bin/../lib/gcc/arm-none-eabi/13.3.1/../../../../arm-none-eabi/lib/thumb/v7-m/nofp\libc_nano.a(libc_a-msizer.o)
                0x08005f94                _malloc_usable_size_r
 *(.glue_7)
 .glue_7        0x08005fa4        0x0 linker stubs
 *(.glue_7t)
 .glue_7t       0x08005fa4        0x0 linker stubs
 *(.eh_frame)
 .eh_frame      0x08005fa4        0x0 D:/Cube_IDE/STM32CubeIDE_1.18.1/STM32CubeIDE/plugins/com.st.stm32cube.ide.mcu.externaltools.gnu-tools-for-stm32.13.3.rel1.win32_1.0.0.202411081344/tools/bin/../lib/gcc/arm-none-eabi/13.3.1/thumb/v7-m/nofp/crtbegin.o
 *(.init)
 .init          0x08005fa4        0x4 D:/Cube_IDE/STM32CubeIDE_1.18.1/STM32CubeIDE/plugins/com.st.stm32cube.ide.mcu.externaltools.gnu-tools-for-stm32.13.3.rel1.win32_1.0.0.202411081344/tools/bin/../lib/gcc/arm-none-eabi/13.3.1/thumb/v7-m/nofp/crti.o
                0x08005fa4                _init
 .init          0x08005fa8        0x8 D:/Cube_IDE/STM32CubeIDE_1.18.1/STM32CubeIDE/plugins/com.st.stm32cube.ide.mcu.externaltools.gnu-tools-for-stm32.13.3.rel1.win32_1.0.0.202411081344/tools/bin/../lib/gcc/arm-none-eabi/13.3.1/thumb/v7-m/nofp/crtn.o
 *(.fini)
 .fini          0x08005fb0        0x4 D:/Cube_IDE/STM32CubeIDE_1.18.1/STM32CubeIDE/plugins/com.st.stm32cube.ide.mcu.externaltools.gnu-tools-for-stm32.13.3.rel1.win32_1.0.0.202411081344/tools/bin/../lib/gcc/arm-none-eabi/13.3.1/thumb/v7-m/nofp/crti.o
                0x08005fb0                _fini
 .fini          0x08005fb4        0x8 D:/Cube_IDE/STM32CubeIDE_1.18.1/STM32CubeIDE/plugins/com.st.stm32cube.ide.mcu.externaltools.gnu-tools-for-stm32.13.3.rel1.win32_1.0.0.202411081344/tools/bin/../lib/gcc/arm-none-eabi/13.3.1/thumb/v7-m/nofp/crtn.o
                0x08005fbc                        . = ALIGN (0x4)
                0x08005fbc                        _etext = .

.vfp11_veneer   0x08005fbc        0x0
 .vfp11_veneer  0x08005fbc        0x0 linker stubs

.v4_bx          0x08005fbc        0x0
 .v4_bx         0x08005fbc        0x0 linker stubs

.iplt           0x08005fbc        0x0
 .iplt          0x08005fbc        0x0 D:/Cube_IDE/STM32CubeIDE_1.18.1/STM32CubeIDE/plugins/com.st.stm32cube.ide.mcu.externaltools.gnu-tools-for-stm32.13.3.rel1.win32_1.0.0.202411081344/tools/bin/../lib/gcc/arm-none-eabi/13.3.1/thumb/v7-m/nofp/crtbegin.o

.rodata         0x08005fbc      0x138
                0x08005fbc                        . = ALIGN (0x4)
 *(.rodata)
 .rodata        0x08005fbc       0x3c ./Core/Src/engine.o
 .rodata        0x08005ff8       0x72 ./Core/Src/main.o
 *fill*         0x0800606a        0x2 
 .rodata        0x0800606c       0x26 ./Core/Src/servo.o
 *(.rodata*)
 *fill*         0x08006092        0x2 
 .rodata.AHBPrescTable
                0x08006094       0x10 ./Core/Src/system_stm32f1xx.o
                0x08006094                AHBPrescTable
 .rodata.APBPrescTable
                0x080060a4        0x8 ./Core/Src/system_stm32f1xx.o
                0x080060a4                APBPrescTable
 .rodata.aPLLMULFactorTable.1
                0x080060ac       0x10 ./Drivers/STM32F1xx_HAL_Driver/Src/stm32f1xx_hal_rcc.o
 .rodata.aPredivFactorTable.0
                0x080060bc        0x2 ./Drivers/STM32F1xx_HAL_Driver/Src/stm32f1xx_hal_rcc.o
 .rodata._svfprintf_r.str1.1
                0x080060be       0x33 D:/Cube_IDE/STM32CubeIDE_1.18.1/STM32CubeIDE/plugins/com.st.stm32cube.ide.mcu.externaltools.gnu-tools-for-stm32.13.3.rel1.win32_1.0.0.202411081344/tools/bin/../lib/gcc/arm-none-eabi/13.3.1/../../../../arm-none-eabi/lib/thumb/v7-m/nofp\libc_nano.a(libc_a-nano-svfprintf.o)
                                 0x11 (size before relaxing)
 .rodata._vfprintf_r.str1.1
                0x080060f1       0x11 D:/Cube_IDE/STM32CubeIDE_1.18.1/STM32CubeIDE/plugins/com.st.stm32cube.ide.mcu.externaltools.gnu-tools-for-stm32.13.3.rel1.win32_1.0.0.202411081344/tools/bin/../lib/gcc/arm-none-eabi/13.3.1/../../../../arm-none-eabi/lib/thumb/v7-m/nofp\libc_nano.a(libc_a-nano-vfprintf.o)
 .rodata._printf_i.str1.1
                0x080060f1       0x22 D:/Cube_IDE/STM32CubeIDE_1.18.1/STM32CubeIDE/plugins/com.st.stm32cube.ide.mcu.externaltools.gnu-tools-for-stm32.13.3.rel1.win32_1.0.0.202411081344/tools/bin/../lib/gcc/arm-none-eabi/13.3.1/../../../../arm-none-eabi/lib/thumb/v7-m/nofp\libc_nano.a(libc_a-nano-vfprintf_i.o)
                0x08006114                        . = ALIGN (0x4)
 *fill*         0x080060f1        0x3 

.ARM.extab      0x080060f4        0x0
                0x080060f4                        . = ALIGN (0x4)
 *(.ARM.extab* .gnu.linkonce.armextab.*)
                0x080060f4                        . = ALIGN (0x4)

.ARM            0x080060f4        0x8
                0x080060f4                        . = ALIGN (0x4)
                0x080060f4                        __exidx_start = .
 *(.ARM.exidx*)
 .ARM.exidx     0x080060f4        0x8 D:/Cube_IDE/STM32CubeIDE_1.18.1/STM32CubeIDE/plugins/com.st.stm32cube.ide.mcu.externaltools.gnu-tools-for-stm32.13.3.rel1.win32_1.0.0.202411081344/tools/bin/../lib/gcc/arm-none-eabi/13.3.1/../../../../arm-none-eabi/lib/thumb/v7-m/nofp\libc_nano.a(libc_a-strcmp.o)
 .ARM.exidx     0x080060fc        0x0 D:/Cube_IDE/STM32CubeIDE_1.18.1/STM32CubeIDE/plugins/com.st.stm32cube.ide.mcu.externaltools.gnu-tools-for-stm32.13.3.rel1.win32_1.0.0.202411081344/tools/bin/../lib/gcc/arm-none-eabi/13.3.1/../../../../arm-none-eabi/lib/thumb/v7-m/nofp\libc_nano.a(libc_a-strlen.o)
                                  0x8 (size before relaxing)
                0x080060fc                        __exidx_end = .
                0x080060fc                        . = ALIGN (0x4)

.preinit_array  0x080060fc        0x0
                0x080060fc                        . = ALIGN (0x4)
                0x080060fc                        PROVIDE (__preinit_array_start = .)
 *(.preinit_array*)
                0x080060fc                        PROVIDE (__preinit_array_end = .)
                0x080060fc                        . = ALIGN (0x4)

.init_array     0x080060fc        0x4
                0x080060fc                        . = ALIGN (0x4)
                0x080060fc                        PROVIDE (__init_array_start = .)
 *(SORT_BY_NAME(.init_array.*))
 *(.init_array*)
 .init_array    0x080060fc        0x4 D:/Cube_IDE/STM32CubeIDE_1.18.1/STM32CubeIDE/plugins/com.st.stm32cube.ide.mcu.externaltools.gnu-tools-for-stm32.13.3.rel1.win32_1.0.0.202411081344/tools/bin/../lib/gcc/arm-none-eabi/13.3.1/thumb/v7-m/nofp/crtbegin.o
                0x08006100                        PROVIDE (__init_array_end = .)
                0x08006100                        . = ALIGN (0x4)

.fini_array     0x08006100        0x4
                0x08006100                        . = ALIGN (0x4)
                [!provide]                        PROVIDE (__fini_array_start = .)
 *(SORT_BY_NAME(.fini_array.*))
 *(.fini_array*)
 .fini_array    0x08006100        0x4 D:/Cube_IDE/STM32CubeIDE_1.18.1/STM32CubeIDE/plugins/com.st.stm32cube.ide.mcu.externaltools.gnu-tools-for-stm32.13.3.rel1.win32_1.0.0.202411081344/tools/bin/../lib/gcc/arm-none-eabi/13.3.1/thumb/v7-m/nofp/crtbegin.o
                [!provide]                        PROVIDE (__fini_array_end = .)
                0x08006104                        . = ALIGN (0x4)
                0x08006104                        _sidata = LOADADDR (.data)

.rel.dyn        0x08006104        0x0
 .rel.iplt      0x08006104        0x0 D:/Cube_IDE/STM32CubeIDE_1.18.1/STM32CubeIDE/plugins/com.st.stm32cube.ide.mcu.externaltools.gnu-tools-for-stm32.13.3.rel1.win32_1.0.0.202411081344/tools/bin/../lib/gcc/arm-none-eabi/13.3.1/thumb/v7-m/nofp/crtbegin.o

.data           0x20000000       0x68 load address 0x08006104
                0x20000000                        . = ALIGN (0x4)
                0x20000000                        _sdata = .
 *(.data)
 *(.data*)
 .data.SystemCoreClock
                0x20000000        0x4 ./Core/Src/system_stm32f1xx.o
                0x20000000                SystemCoreClock
 .data.uwTickPrio
                0x20000004        0x4 ./Drivers/STM32F1xx_HAL_Driver/Src/stm32f1xx_hal.o
                0x20000004                uwTickPrio
 .data.uwTickFreq
                0x20000008        0x1 ./Drivers/STM32F1xx_HAL_Driver/Src/stm32f1xx_hal.o
                0x20000008                uwTickFreq
 *fill*         0x20000009        0x3 
 .data.__sglue  0x2000000c        0xc D:/Cube_IDE/STM32CubeIDE_1.18.1/STM32CubeIDE/plugins/com.st.stm32cube.ide.mcu.externaltools.gnu-tools-for-stm32.13.3.rel1.win32_1.0.0.202411081344/tools/bin/../lib/gcc/arm-none-eabi/13.3.1/../../../../arm-none-eabi/lib/thumb/v7-m/nofp\libc_nano.a(libc_a-findfp.o)
                0x2000000c                __sglue
 .data._impure_ptr
                0x20000018        0x4 D:/Cube_IDE/STM32CubeIDE_1.18.1/STM32CubeIDE/plugins/com.st.stm32cube.ide.mcu.externaltools.gnu-tools-for-stm32.13.3.rel1.win32_1.0.0.202411081344/tools/bin/../lib/gcc/arm-none-eabi/13.3.1/../../../../arm-none-eabi/lib/thumb/v7-m/nofp\libc_nano.a(libc_a-impure.o)
                0x20000018                _impure_ptr
 .data._impure_data
                0x2000001c       0x4c D:/Cube_IDE/STM32CubeIDE_1.18.1/STM32CubeIDE/plugins/com.st.stm32cube.ide.mcu.externaltools.gnu-tools-for-stm32.13.3.rel1.win32_1.0.0.202411081344/tools/bin/../lib/gcc/arm-none-eabi/13.3.1/../../../../arm-none-eabi/lib/thumb/v7-m/nofp\libc_nano.a(libc_a-impure.o)
                0x2000001c                _impure_data
 *(.RamFunc)
 *(.RamFunc*)
                0x20000068                        . = ALIGN (0x4)
                0x20000068                        _edata = .

.igot.plt       0x20000068        0x0 load address 0x0800616c
 .igot.plt      0x20000068        0x0 D:/Cube_IDE/STM32CubeIDE_1.18.1/STM32CubeIDE/plugins/com.st.stm32cube.ide.mcu.externaltools.gnu-tools-for-stm32.13.3.rel1.win32_1.0.0.202411081344/tools/bin/../lib/gcc/arm-none-eabi/13.3.1/thumb/v7-m/nofp/crtbegin.o
                0x20000068                        . = ALIGN (0x4)

.bss            0x20000068      0x258 load address 0x0800616c
                0x20000068                        _sbss = .
                0x20000068                        __bss_start__ = _sbss
 *(.bss)
 .bss           0x20000068       0x1c D:/Cube_IDE/STM32CubeIDE_1.18.1/STM32CubeIDE/plugins/com.st.stm32cube.ide.mcu.externaltools.gnu-tools-for-stm32.13.3.rel1.win32_1.0.0.202411081344/tools/bin/../lib/gcc/arm-none-eabi/13.3.1/thumb/v7-m/nofp/crtbegin.o
 *(.bss*)
 .bss.hspi1     0x20000084       0x58 ./Core/Src/main.o
                0x20000084                hspi1
 .bss.huart1    0x200000dc       0x48 ./Core/Src/main.o
                0x200000dc                huart1
 .bss.htim2     0x20000124       0x48 ./Core/Src/main.o
                0x20000124                htim2
 .bss.__sbrk_heap_end
                0x2000016c        0x4 ./Core/Src/sysmem.o
 .bss.uwTick    0x20000170        0x4 ./Drivers/STM32F1xx_HAL_Driver/Src/stm32f1xx_hal.o
                0x20000170                uwTick
 .bss.__sf      0x20000174      0x138 D:/Cube_IDE/STM32CubeIDE_1.18.1/STM32CubeIDE/plugins/com.st.stm32cube.ide.mcu.externaltools.gnu-tools-for-stm32.13.3.rel1.win32_1.0.0.202411081344/tools/bin/../lib/gcc/arm-none-eabi/13.3.1/../../../../arm-none-eabi/lib/thumb/v7-m/nofp\libc_nano.a(libc_a-findfp.o)
                0x20000174                __sf
 .bss.__stdio_exit_handler
                0x200002ac        0x4 D:/Cube_IDE/STM32CubeIDE_1.18.1/STM32CubeIDE/plugins/com.st.stm32cube.ide.mcu.externaltools.gnu-tools-for-stm32.13.3.rel1.win32_1.0.0.202411081344/tools/bin/../lib/gcc/arm-none-eabi/13.3.1/../../../../arm-none-eabi/lib/thumb/v7-m/nofp\libc_nano.a(libc_a-findfp.o)
                0x200002ac                __stdio_exit_handler
 .bss.errno     0x200002b0        0x4 D:/Cube_IDE/STM32CubeIDE_1.18.1/STM32CubeIDE/plugins/com.st.stm32cube.ide.mcu.externaltools.gnu-tools-for-stm32.13.3.rel1.win32_1.0.0.202411081344/tools/bin/../lib/gcc/arm-none-eabi/13.3.1/../../../../arm-none-eabi/lib/thumb/v7-m/nofp\libc_nano.a(libc_a-reent.o)
                0x200002b0                errno
 .bss.__lock___malloc_recursive_mutex
                0x200002b4        0x1 D:/Cube_IDE/STM32CubeIDE_1.18.1/STM32CubeIDE/plugins/com.st.stm32cube.ide.mcu.externaltools.gnu-tools-for-stm32.13.3.rel1.win32_1.0.0.202411081344/tools/bin/../lib/gcc/arm-none-eabi/13.3.1/../../../../arm-none-eabi/lib/thumb/v7-m/nofp\libc_nano.a(libc_a-lock.o)
                0x200002b4                __lock___malloc_recursive_mutex
 .bss.__lock___sfp_recursive_mutex
                0x200002b5        0x1 D:/Cube_IDE/STM32CubeIDE_1.18.1/STM32CubeIDE/plugins/com.st.stm32cube.ide.mcu.externaltools.gnu-tools-for-stm32.13.3.rel1.win32_1.0.0.202411081344/tools/bin/../lib/gcc/arm-none-eabi/13.3.1/../../../../arm-none-eabi/lib/thumb/v7-m/nofp\libc_nano.a(libc_a-lock.o)
                0x200002b5                __lock___sfp_recursive_mutex
 *fill*         0x200002b6        0x2 
 .bss.__malloc_sbrk_start
                0x200002b8        0x4 D:/Cube_IDE/STM32CubeIDE_1.18.1/STM32CubeIDE/plugins/com.st.stm32cube.ide.mcu.externaltools.gnu-tools-for-stm32.13.3.rel1.win32_1.0.0.202411081344/tools/bin/../lib/gcc/arm-none-eabi/13.3.1/../../../../arm-none-eabi/lib/thumb/v7-m/nofp\libc_nano.a(libc_a-mallocr.o)
                0x200002b8                __malloc_sbrk_start
 .bss.__malloc_free_list
                0x200002bc        0x4 D:/Cube_IDE/STM32CubeIDE_1.18.1/STM32CubeIDE/plugins/com.st.stm32cube.ide.mcu.externaltools.gnu-tools-for-stm32.13.3.rel1.win32_1.0.0.202411081344/tools/bin/../lib/gcc/arm-none-eabi/13.3.1/../../../../arm-none-eabi/lib/thumb/v7-m/nofp\libc_nano.a(libc_a-mallocr.o)
                0x200002bc                __malloc_free_list
 *(COMMON)
                0x200002c0                        . = ALIGN (0x4)
                0x200002c0                        _ebss = .
                0x200002c0                        __bss_end__ = _ebss

._user_heap_stack
                0x200002c0      0x600 load address 0x0800616c
                0x200002c0                        . = ALIGN (0x8)
                [!provide]                        PROVIDE (end = .)
                0x200002c0                        PROVIDE (_end = .)
                0x200004c0                        . = (. + _Min_Heap_Size)
 *fill*         0x200002c0      0x200 
                0x200008c0                        . = (. + _Min_Stack_Size)
 *fill*         0x200004c0      0x400 
                0x200008c0                        . = ALIGN (0x8)

/DISCARD/
 libc.a(*)
 libm.a(*)
 libgcc.a(*)

.ARM.attributes
                0x00000000       0x29
 *(.ARM.attributes)
 .ARM.attributes
                0x00000000       0x1d D:/Cube_IDE/STM32CubeIDE_1.18.1/STM32CubeIDE/plugins/com.st.stm32cube.ide.mcu.externaltools.gnu-tools-for-stm32.13.3.rel1.win32_1.0.0.202411081344/tools/bin/../lib/gcc/arm-none-eabi/13.3.1/thumb/v7-m/nofp/crti.o
 .ARM.attributes
                0x0000001d       0x2d D:/Cube_IDE/STM32CubeIDE_1.18.1/STM32CubeIDE/plugins/com.st.stm32cube.ide.mcu.externaltools.gnu-tools-for-stm32.13.3.rel1.win32_1.0.0.202411081344/tools/bin/../lib/gcc/arm-none-eabi/13.3.1/thumb/v7-m/nofp/crtbegin.o
 .ARM.attributes
                0x0000004a       0x2d ./Core/Src/engine.o
 .ARM.attributes
                0x00000077       0x2d ./Core/Src/main.o
 .ARM.attributes
                0x000000a4       0x2d ./Core/Src/servo.o
 .ARM.attributes
                0x000000d1       0x2d ./Core/Src/stm32f1xx_hal_msp.o
 .ARM.attributes
                0x000000fe       0x2d ./Core/Src/stm32f1xx_it.o
 .ARM.attributes
                0x0000012b       0x2d ./Core/Src/syscalls.o
 .ARM.attributes
                0x00000158       0x2d ./Core/Src/sysmem.o
 .ARM.attributes
                0x00000185       0x2d ./Core/Src/system_stm32f1xx.o
 .ARM.attributes
                0x000001b2       0x21 ./Core/Startup/startup_stm32f103cbtx.o
 .ARM.attributes
                0x000001d3       0x2d ./Drivers/STM32F1xx_HAL_Driver/Src/stm32f1xx_hal.o
 .ARM.attributes
                0x00000200       0x2d ./Drivers/STM32F1xx_HAL_Driver/Src/stm32f1xx_hal_cortex.o
 .ARM.attributes
                0x0000022d       0x2d ./Drivers/STM32F1xx_HAL_Driver/Src/stm32f1xx_hal_dma.o
 .ARM.attributes
                0x0000025a       0x2d ./Drivers/STM32F1xx_HAL_Driver/Src/stm32f1xx_hal_gpio.o
 .ARM.attributes
                0x00000287       0x2d ./Drivers/STM32F1xx_HAL_Driver/Src/stm32f1xx_hal_rcc.o
 .ARM.attributes
                0x000002b4       0x2d ./Drivers/STM32F1xx_HAL_Driver/Src/stm32f1xx_hal_spi.o
 .ARM.attributes
                0x000002e1       0x2d ./Drivers/STM32F1xx_HAL_Driver/Src/stm32f1xx_hal_tim.o
 .ARM.attributes
                0x0000030e       0x2d ./Drivers/STM32F1xx_HAL_Driver/Src/stm32f1xx_hal_tim_ex.o
 .ARM.attributes
                0x0000033b       0x2d ./Drivers/STM32F1xx_HAL_Driver/Src/stm32f1xx_hal_uart.o
 .ARM.attributes
                0x00000368       0x2d ./Drivers/nrf24/NRF24.o
 .ARM.attributes
                0x00000395       0x2d D:/Cube_IDE/STM32CubeIDE_1.18.1/STM32CubeIDE/plugins/com.st.stm32cube.ide.mcu.externaltools.gnu-tools-for-stm32.13.3.rel1.win32_1.0.0.202411081344/tools/bin/../lib/gcc/arm-none-eabi/13.3.1/../../../../arm-none-eabi/lib/thumb/v7-m/nofp\libc_nano.a(libc_a-findfp.o)
 .ARM.attributes
                0x000003c2       0x2d D:/Cube_IDE/STM32CubeIDE_1.18.1/STM32CubeIDE/plugins/com.st.stm32cube.ide.mcu.externaltools.gnu-tools-for-stm32.13.3.rel1.win32_1.0.0.202411081344/tools/bin/../lib/gcc/arm-none-eabi/13.3.1/../../../../arm-none-eabi/lib/thumb/v7-m/nofp\libc_nano.a(libc_a-fwalk.o)
 .ARM.attributes
                0x000003ef       0x2d D:/Cube_IDE/STM32CubeIDE_1.18.1/STM32CubeIDE/plugins/com.st.stm32cube.ide.mcu.externaltools.gnu-tools-for-stm32.13.3.rel1.win32_1.0.0.202411081344/tools/bin/../lib/gcc/arm-none-eabi/13.3.1/../../../../arm-none-eabi/lib/thumb/v7-m/nofp\libc_nano.a(libc_a-printf.o)
 .ARM.attributes
                0x0000041c       0x2d D:/Cube_IDE/STM32CubeIDE_1.18.1/STM32CubeIDE/plugins/com.st.stm32cube.ide.mcu.externaltools.gnu-tools-for-stm32.13.3.rel1.win32_1.0.0.202411081344/tools/bin/../lib/gcc/arm-none-eabi/13.3.1/../../../../arm-none-eabi/lib/thumb/v7-m/nofp\libc_nano.a(libc_a-puts.o)
 .ARM.attributes
                0x00000449       0x2d D:/Cube_IDE/STM32CubeIDE_1.18.1/STM32CubeIDE/plugins/com.st.stm32cube.ide.mcu.externaltools.gnu-tools-for-stm32.13.3.rel1.win32_1.0.0.202411081344/tools/bin/../lib/gcc/arm-none-eabi/13.3.1/../../../../arm-none-eabi/lib/thumb/v7-m/nofp\libc_nano.a(libc_a-sprintf.o)
 .ARM.attributes
                0x00000476       0x2d D:/Cube_IDE/STM32CubeIDE_1.18.1/STM32CubeIDE/plugins/com.st.stm32cube.ide.mcu.externaltools.gnu-tools-for-stm32.13.3.rel1.win32_1.0.0.202411081344/tools/bin/../lib/gcc/arm-none-eabi/13.3.1/../../../../arm-none-eabi/lib/thumb/v7-m/nofp\libc_nano.a(libc_a-stdio.o)
 .ARM.attributes
                0x000004a3       0x2d D:/Cube_IDE/STM32CubeIDE_1.18.1/STM32CubeIDE/plugins/com.st.stm32cube.ide.mcu.externaltools.gnu-tools-for-stm32.13.3.rel1.win32_1.0.0.202411081344/tools/bin/../lib/gcc/arm-none-eabi/13.3.1/../../../../arm-none-eabi/lib/thumb/v7-m/nofp\libc_nano.a(libc_a-wbuf.o)
 .ARM.attributes
                0x000004d0       0x2d D:/Cube_IDE/STM32CubeIDE_1.18.1/STM32CubeIDE/plugins/com.st.stm32cube.ide.mcu.externaltools.gnu-tools-for-stm32.13.3.rel1.win32_1.0.0.202411081344/tools/bin/../lib/gcc/arm-none-eabi/13.3.1/../../../../arm-none-eabi/lib/thumb/v7-m/nofp\libc_nano.a(libc_a-wsetup.o)
 .ARM.attributes
                0x000004fd       0x2d D:/Cube_IDE/STM32CubeIDE_1.18.1/STM32CubeIDE/plugins/com.st.stm32cube.ide.mcu.externaltools.gnu-tools-for-stm32.13.3.rel1.win32_1.0.0.202411081344/tools/bin/../lib/gcc/arm-none-eabi/13.3.1/../../../../arm-none-eabi/lib/thumb/v7-m/nofp\libc_nano.a(libc_a-memset.o)
 .ARM.attributes
                0x0000052a       0x2d D:/Cube_IDE/STM32CubeIDE_1.18.1/STM32CubeIDE/plugins/com.st.stm32cube.ide.mcu.externaltools.gnu-tools-for-stm32.13.3.rel1.win32_1.0.0.202411081344/tools/bin/../lib/gcc/arm-none-eabi/13.3.1/../../../../arm-none-eabi/lib/thumb/v7-m/nofp\libc_nano.a(libc_a-closer.o)
 .ARM.attributes
                0x00000557       0x2d D:/Cube_IDE/STM32CubeIDE_1.18.1/STM32CubeIDE/plugins/com.st.stm32cube.ide.mcu.externaltools.gnu-tools-for-stm32.13.3.rel1.win32_1.0.0.202411081344/tools/bin/../lib/gcc/arm-none-eabi/13.3.1/../../../../arm-none-eabi/lib/thumb/v7-m/nofp\libc_nano.a(libc_a-reent.o)
 .ARM.attributes
                0x00000584       0x2d D:/Cube_IDE/STM32CubeIDE_1.18.1/STM32CubeIDE/plugins/com.st.stm32cube.ide.mcu.externaltools.gnu-tools-for-stm32.13.3.rel1.win32_1.0.0.202411081344/tools/bin/../lib/gcc/arm-none-eabi/13.3.1/../../../../arm-none-eabi/lib/thumb/v7-m/nofp\libc_nano.a(libc_a-impure.o)
 .ARM.attributes
                0x000005b1       0x2d D:/Cube_IDE/STM32CubeIDE_1.18.1/STM32CubeIDE/plugins/com.st.stm32cube.ide.mcu.externaltools.gnu-tools-for-stm32.13.3.rel1.win32_1.0.0.202411081344/tools/bin/../lib/gcc/arm-none-eabi/13.3.1/../../../../arm-none-eabi/lib/thumb/v7-m/nofp\libc_nano.a(libc_a-lseekr.o)
 .ARM.attributes
                0x000005de       0x2d D:/Cube_IDE/STM32CubeIDE_1.18.1/STM32CubeIDE/plugins/com.st.stm32cube.ide.mcu.externaltools.gnu-tools-for-stm32.13.3.rel1.win32_1.0.0.202411081344/tools/bin/../lib/gcc/arm-none-eabi/13.3.1/../../../../arm-none-eabi/lib/thumb/v7-m/nofp\libc_nano.a(libc_a-readr.o)
 .ARM.attributes
                0x0000060b       0x2d D:/Cube_IDE/STM32CubeIDE_1.18.1/STM32CubeIDE/plugins/com.st.stm32cube.ide.mcu.externaltools.gnu-tools-for-stm32.13.3.rel1.win32_1.0.0.202411081344/tools/bin/../lib/gcc/arm-none-eabi/13.3.1/../../../../arm-none-eabi/lib/thumb/v7-m/nofp\libc_nano.a(libc_a-writer.o)
 .ARM.attributes
                0x00000638       0x2d D:/Cube_IDE/STM32CubeIDE_1.18.1/STM32CubeIDE/plugins/com.st.stm32cube.ide.mcu.externaltools.gnu-tools-for-stm32.13.3.rel1.win32_1.0.0.202411081344/tools/bin/../lib/gcc/arm-none-eabi/13.3.1/../../../../arm-none-eabi/lib/thumb/v7-m/nofp\libc_nano.a(libc_a-errno.o)
 .ARM.attributes
                0x00000665       0x2d D:/Cube_IDE/STM32CubeIDE_1.18.1/STM32CubeIDE/plugins/com.st.stm32cube.ide.mcu.externaltools.gnu-tools-for-stm32.13.3.rel1.win32_1.0.0.202411081344/tools/bin/../lib/gcc/arm-none-eabi/13.3.1/../../../../arm-none-eabi/lib/thumb/v7-m/nofp\libc_nano.a(libc_a-init.o)
 .ARM.attributes
                0x00000692       0x2d D:/Cube_IDE/STM32CubeIDE_1.18.1/STM32CubeIDE/plugins/com.st.stm32cube.ide.mcu.externaltools.gnu-tools-for-stm32.13.3.rel1.win32_1.0.0.202411081344/tools/bin/../lib/gcc/arm-none-eabi/13.3.1/../../../../arm-none-eabi/lib/thumb/v7-m/nofp\libc_nano.a(libc_a-lock.o)
 .ARM.attributes
                0x000006bf       0x1b D:/Cube_IDE/STM32CubeIDE_1.18.1/STM32CubeIDE/plugins/com.st.stm32cube.ide.mcu.externaltools.gnu-tools-for-stm32.13.3.rel1.win32_1.0.0.202411081344/tools/bin/../lib/gcc/arm-none-eabi/13.3.1/../../../../arm-none-eabi/lib/thumb/v7-m/nofp\libc_nano.a(libc_a-strcmp.o)
 .ARM.attributes
                0x000006da       0x2d D:/Cube_IDE/STM32CubeIDE_1.18.1/STM32CubeIDE/plugins/com.st.stm32cube.ide.mcu.externaltools.gnu-tools-for-stm32.13.3.rel1.win32_1.0.0.202411081344/tools/bin/../lib/gcc/arm-none-eabi/13.3.1/../../../../arm-none-eabi/lib/thumb/v7-m/nofp\libc_nano.a(libc_a-strcpy.o)
 .ARM.attributes
                0x00000707       0x17 D:/Cube_IDE/STM32CubeIDE_1.18.1/STM32CubeIDE/plugins/com.st.stm32cube.ide.mcu.externaltools.gnu-tools-for-stm32.13.3.rel1.win32_1.0.0.202411081344/tools/bin/../lib/gcc/arm-none-eabi/13.3.1/../../../../arm-none-eabi/lib/thumb/v7-m/nofp\libc_nano.a(libc_a-strlen.o)
 .ARM.attributes
                0x0000071e       0x2d D:/Cube_IDE/STM32CubeIDE_1.18.1/STM32CubeIDE/plugins/com.st.stm32cube.ide.mcu.externaltools.gnu-tools-for-stm32.13.3.rel1.win32_1.0.0.202411081344/tools/bin/../lib/gcc/arm-none-eabi/13.3.1/../../../../arm-none-eabi/lib/thumb/v7-m/nofp\libc_nano.a(libc_a-freer.o)
 .ARM.attributes
                0x0000074b       0x2d D:/Cube_IDE/STM32CubeIDE_1.18.1/STM32CubeIDE/plugins/com.st.stm32cube.ide.mcu.externaltools.gnu-tools-for-stm32.13.3.rel1.win32_1.0.0.202411081344/tools/bin/../lib/gcc/arm-none-eabi/13.3.1/../../../../arm-none-eabi/lib/thumb/v7-m/nofp\libc_nano.a(libc_a-mallocr.o)
 .ARM.attributes
                0x00000778       0x2d D:/Cube_IDE/STM32CubeIDE_1.18.1/STM32CubeIDE/plugins/com.st.stm32cube.ide.mcu.externaltools.gnu-tools-for-stm32.13.3.rel1.win32_1.0.0.202411081344/tools/bin/../lib/gcc/arm-none-eabi/13.3.1/../../../../arm-none-eabi/lib/thumb/v7-m/nofp\libc_nano.a(libc_a-mlock.o)
 .ARM.attributes
                0x000007a5       0x2d D:/Cube_IDE/STM32CubeIDE_1.18.1/STM32CubeIDE/plugins/com.st.stm32cube.ide.mcu.externaltools.gnu-tools-for-stm32.13.3.rel1.win32_1.0.0.202411081344/tools/bin/../lib/gcc/arm-none-eabi/13.3.1/../../../../arm-none-eabi/lib/thumb/v7-m/nofp\libc_nano.a(libc_a-nano-svfprintf.o)
 .ARM.attributes
                0x000007d2       0x2d D:/Cube_IDE/STM32CubeIDE_1.18.1/STM32CubeIDE/plugins/com.st.stm32cube.ide.mcu.externaltools.gnu-tools-for-stm32.13.3.rel1.win32_1.0.0.202411081344/tools/bin/../lib/gcc/arm-none-eabi/13.3.1/../../../../arm-none-eabi/lib/thumb/v7-m/nofp\libc_nano.a(libc_a-nano-vfprintf.o)
 .ARM.attributes
                0x000007ff       0x2d D:/Cube_IDE/STM32CubeIDE_1.18.1/STM32CubeIDE/plugins/com.st.stm32cube.ide.mcu.externaltools.gnu-tools-for-stm32.13.3.rel1.win32_1.0.0.202411081344/tools/bin/../lib/gcc/arm-none-eabi/13.3.1/../../../../arm-none-eabi/lib/thumb/v7-m/nofp\libc_nano.a(libc_a-nano-vfprintf_i.o)
 .ARM.attributes
                0x0000082c       0x2d D:/Cube_IDE/STM32CubeIDE_1.18.1/STM32CubeIDE/plugins/com.st.stm32cube.ide.mcu.externaltools.gnu-tools-for-stm32.13.3.rel1.win32_1.0.0.202411081344/tools/bin/../lib/gcc/arm-none-eabi/13.3.1/../../../../arm-none-eabi/lib/thumb/v7-m/nofp\libc_nano.a(libc_a-fflush.o)
 .ARM.attributes
                0x00000859       0x2d D:/Cube_IDE/STM32CubeIDE_1.18.1/STM32CubeIDE/plugins/com.st.stm32cube.ide.mcu.externaltools.gnu-tools-for-stm32.13.3.rel1.win32_1.0.0.202411081344/tools/bin/../lib/gcc/arm-none-eabi/13.3.1/../../../../arm-none-eabi/lib/thumb/v7-m/nofp\libc_nano.a(libc_a-makebuf.o)
 .ARM.attributes
                0x00000886       0x2d D:/Cube_IDE/STM32CubeIDE_1.18.1/STM32CubeIDE/plugins/com.st.stm32cube.ide.mcu.externaltools.gnu-tools-for-stm32.13.3.rel1.win32_1.0.0.202411081344/tools/bin/../lib/gcc/arm-none-eabi/13.3.1/../../../../arm-none-eabi/lib/thumb/v7-m/nofp\libc_nano.a(libc_a-memmove.o)
 .ARM.attributes
                0x000008b3       0x2d D:/Cube_IDE/STM32CubeIDE_1.18.1/STM32CubeIDE/plugins/com.st.stm32cube.ide.mcu.externaltools.gnu-tools-for-stm32.13.3.rel1.win32_1.0.0.202411081344/tools/bin/../lib/gcc/arm-none-eabi/13.3.1/../../../../arm-none-eabi/lib/thumb/v7-m/nofp\libc_nano.a(libc_a-fstatr.o)
 .ARM.attributes
                0x000008e0       0x2d D:/Cube_IDE/STM32CubeIDE_1.18.1/STM32CubeIDE/plugins/com.st.stm32cube.ide.mcu.externaltools.gnu-tools-for-stm32.13.3.rel1.win32_1.0.0.202411081344/tools/bin/../lib/gcc/arm-none-eabi/13.3.1/../../../../arm-none-eabi/lib/thumb/v7-m/nofp\libc_nano.a(libc_a-isattyr.o)
 .ARM.attributes
                0x0000090d       0x2d D:/Cube_IDE/STM32CubeIDE_1.18.1/STM32CubeIDE/plugins/com.st.stm32cube.ide.mcu.externaltools.gnu-tools-for-stm32.13.3.rel1.win32_1.0.0.202411081344/tools/bin/../lib/gcc/arm-none-eabi/13.3.1/../../../../arm-none-eabi/lib/thumb/v7-m/nofp\libc_nano.a(libc_a-sbrkr.o)
 .ARM.attributes
                0x0000093a       0x2d D:/Cube_IDE/STM32CubeIDE_1.18.1/STM32CubeIDE/plugins/com.st.stm32cube.ide.mcu.externaltools.gnu-tools-for-stm32.13.3.rel1.win32_1.0.0.202411081344/tools/bin/../lib/gcc/arm-none-eabi/13.3.1/../../../../arm-none-eabi/lib/thumb/v7-m/nofp\libc_nano.a(libc_a-memchr-stub.o)
 .ARM.attributes
                0x00000967       0x2d D:/Cube_IDE/STM32CubeIDE_1.18.1/STM32CubeIDE/plugins/com.st.stm32cube.ide.mcu.externaltools.gnu-tools-for-stm32.13.3.rel1.win32_1.0.0.202411081344/tools/bin/../lib/gcc/arm-none-eabi/13.3.1/../../../../arm-none-eabi/lib/thumb/v7-m/nofp\libc_nano.a(libc_a-memcpy-stub.o)
 .ARM.attributes
                0x00000994       0x2d D:/Cube_IDE/STM32CubeIDE_1.18.1/STM32CubeIDE/plugins/com.st.stm32cube.ide.mcu.externaltools.gnu-tools-for-stm32.13.3.rel1.win32_1.0.0.202411081344/tools/bin/../lib/gcc/arm-none-eabi/13.3.1/../../../../arm-none-eabi/lib/thumb/v7-m/nofp\libc_nano.a(libc_a-reallocr.o)
 .ARM.attributes
                0x000009c1       0x2d D:/Cube_IDE/STM32CubeIDE_1.18.1/STM32CubeIDE/plugins/com.st.stm32cube.ide.mcu.externaltools.gnu-tools-for-stm32.13.3.rel1.win32_1.0.0.202411081344/tools/bin/../lib/gcc/arm-none-eabi/13.3.1/../../../../arm-none-eabi/lib/thumb/v7-m/nofp\libc_nano.a(libc_a-msizer.o)
 .ARM.attributes
                0x000009ee       0x1d D:/Cube_IDE/STM32CubeIDE_1.18.1/STM32CubeIDE/plugins/com.st.stm32cube.ide.mcu.externaltools.gnu-tools-for-stm32.13.3.rel1.win32_1.0.0.202411081344/tools/bin/../lib/gcc/arm-none-eabi/13.3.1/thumb/v7-m/nofp\libgcc.a(_arm_muldf3.o)
 .ARM.attributes
                0x00000a0b       0x1d D:/Cube_IDE/STM32CubeIDE_1.18.1/STM32CubeIDE/plugins/com.st.stm32cube.ide.mcu.externaltools.gnu-tools-for-stm32.13.3.rel1.win32_1.0.0.202411081344/tools/bin/../lib/gcc/arm-none-eabi/13.3.1/thumb/v7-m/nofp\libgcc.a(_arm_addsubdf3.o)
 .ARM.attributes
                0x00000a28       0x1d D:/Cube_IDE/STM32CubeIDE_1.18.1/STM32CubeIDE/plugins/com.st.stm32cube.ide.mcu.externaltools.gnu-tools-for-stm32.13.3.rel1.win32_1.0.0.202411081344/tools/bin/../lib/gcc/arm-none-eabi/13.3.1/thumb/v7-m/nofp\libgcc.a(_arm_fixunsdfsi.o)
 .ARM.attributes
                0x00000a45       0x1d D:/Cube_IDE/STM32CubeIDE_1.18.1/STM32CubeIDE/plugins/com.st.stm32cube.ide.mcu.externaltools.gnu-tools-for-stm32.13.3.rel1.win32_1.0.0.202411081344/tools/bin/../lib/gcc/arm-none-eabi/13.3.1/thumb/v7-m/nofp/crtn.o
OUTPUT(RC_CAR.elf elf32-littlearm)
LOAD linker stubs
LOAD D:/Cube_IDE/STM32CubeIDE_1.18.1/STM32CubeIDE/plugins/com.st.stm32cube.ide.mcu.externaltools.gnu-tools-for-stm32.13.3.rel1.win32_1.0.0.202411081344/tools/bin/../lib/gcc/arm-none-eabi/13.3.1/../../../../arm-none-eabi/lib/thumb/v7-m/nofp\libc.a
LOAD D:/Cube_IDE/STM32CubeIDE_1.18.1/STM32CubeIDE/plugins/com.st.stm32cube.ide.mcu.externaltools.gnu-tools-for-stm32.13.3.rel1.win32_1.0.0.202411081344/tools/bin/../lib/gcc/arm-none-eabi/13.3.1/../../../../arm-none-eabi/lib/thumb/v7-m/nofp\libm.a
LOAD D:/Cube_IDE/STM32CubeIDE_1.18.1/STM32CubeIDE/plugins/com.st.stm32cube.ide.mcu.externaltools.gnu-tools-for-stm32.13.3.rel1.win32_1.0.0.202411081344/tools/bin/../lib/gcc/arm-none-eabi/13.3.1/thumb/v7-m/nofp\libgcc.a

.debug_info     0x00000000     0xf990
 .debug_info    0x00000000      0x1c7 ./Core/Src/engine.o
 .debug_info    0x000001c7     0x1648 ./Core/Src/main.o
 .debug_info    0x0000180f      0x6d0 ./Core/Src/servo.o
 .debug_info    0x00001edf     0x1072 ./Core/Src/stm32f1xx_hal_msp.o
 .debug_info    0x00002f51      0x89f ./Core/Src/stm32f1xx_it.o
 .debug_info    0x000037f0      0x6a3 ./Core/Src/syscalls.o
 .debug_info    0x00003e93      0x168 ./Core/Src/sysmem.o
 .debug_info    0x00003ffb      0x222 ./Core/Src/system_stm32f1xx.o
 .debug_info    0x0000421d       0x30 ./Core/Startup/startup_stm32f103cbtx.o
 .debug_info    0x0000424d      0x704 ./Drivers/STM32F1xx_HAL_Driver/Src/stm32f1xx_hal.o
 .debug_info    0x00004951      0xa87 ./Drivers/STM32F1xx_HAL_Driver/Src/stm32f1xx_hal_cortex.o
 .debug_info    0x000053d8      0x6d2 ./Drivers/STM32F1xx_HAL_Driver/Src/stm32f1xx_hal_dma.o
 .debug_info    0x00005aaa      0x5ab ./Drivers/STM32F1xx_HAL_Driver/Src/stm32f1xx_hal_gpio.o
 .debug_info    0x00006055      0x7d5 ./Drivers/STM32F1xx_HAL_Driver/Src/stm32f1xx_hal_rcc.o
 .debug_info    0x0000682a     0x142d ./Drivers/STM32F1xx_HAL_Driver/Src/stm32f1xx_hal_spi.o
 .debug_info    0x00007c57     0x2959 ./Drivers/STM32F1xx_HAL_Driver/Src/stm32f1xx_hal_tim.o
 .debug_info    0x0000a5b0     0x149b ./Drivers/STM32F1xx_HAL_Driver/Src/stm32f1xx_hal_tim_ex.o
 .debug_info    0x0000ba4b     0x2eed ./Drivers/STM32F1xx_HAL_Driver/Src/stm32f1xx_hal_uart.o
 .debug_info    0x0000e938     0x1058 ./Drivers/nrf24/NRF24.o

.debug_abbrev   0x00000000     0x26e1
 .debug_abbrev  0x00000000      0x10e ./Core/Src/engine.o
 .debug_abbrev  0x0000010e      0x36e ./Core/Src/main.o
 .debug_abbrev  0x0000047c      0x1c3 ./Core/Src/servo.o
 .debug_abbrev  0x0000063f      0x227 ./Core/Src/stm32f1xx_hal_msp.o
 .debug_abbrev  0x00000866      0x19d ./Core/Src/stm32f1xx_it.o
 .debug_abbrev  0x00000a03      0x1b6 ./Core/Src/syscalls.o
 .debug_abbrev  0x00000bb9       0xbc ./Core/Src/sysmem.o
 .debug_abbrev  0x00000c75      0x13f ./Core/Src/system_stm32f1xx.o
 .debug_abbrev  0x00000db4       0x24 ./Core/Startup/startup_stm32f103cbtx.o
 .debug_abbrev  0x00000dd8      0x201 ./Drivers/STM32F1xx_HAL_Driver/Src/stm32f1xx_hal.o
 .debug_abbrev  0x00000fd9      0x2f8 ./Drivers/STM32F1xx_HAL_Driver/Src/stm32f1xx_hal_cortex.o
 .debug_abbrev  0x000012d1      0x20b ./Drivers/STM32F1xx_HAL_Driver/Src/stm32f1xx_hal_dma.o
 .debug_abbrev  0x000014dc      0x1ca ./Drivers/STM32F1xx_HAL_Driver/Src/stm32f1xx_hal_gpio.o
 .debug_abbrev  0x000016a6      0x2b3 ./Drivers/STM32F1xx_HAL_Driver/Src/stm32f1xx_hal_rcc.o
 .debug_abbrev  0x00001959      0x27a ./Drivers/STM32F1xx_HAL_Driver/Src/stm32f1xx_hal_spi.o
 .debug_abbrev  0x00001bd3      0x277 ./Drivers/STM32F1xx_HAL_Driver/Src/stm32f1xx_hal_tim.o
 .debug_abbrev  0x00001e4a      0x282 ./Drivers/STM32F1xx_HAL_Driver/Src/stm32f1xx_hal_tim_ex.o
 .debug_abbrev  0x000020cc      0x2f8 ./Drivers/STM32F1xx_HAL_Driver/Src/stm32f1xx_hal_uart.o
 .debug_abbrev  0x000023c4      0x31d ./Drivers/nrf24/NRF24.o

.debug_aranges  0x00000000     0x1098
 .debug_aranges
                0x00000000       0x30 ./Core/Src/engine.o
 .debug_aranges
                0x00000030       0x60 ./Core/Src/main.o
 .debug_aranges
                0x00000090       0x28 ./Core/Src/servo.o
 .debug_aranges
                0x000000b8       0x58 ./Core/Src/stm32f1xx_hal_msp.o
 .debug_aranges
                0x00000110       0x78 ./Core/Src/stm32f1xx_it.o
 .debug_aranges
                0x00000188       0xa8 ./Core/Src/syscalls.o
 .debug_aranges
                0x00000230       0x20 ./Core/Src/sysmem.o
 .debug_aranges
                0x00000250       0x28 ./Core/Src/system_stm32f1xx.o
 .debug_aranges
                0x00000278       0x28 ./Core/Startup/startup_stm32f103cbtx.o
 .debug_aranges
                0x000002a0       0xe0 ./Drivers/STM32F1xx_HAL_Driver/Src/stm32f1xx_hal.o
 .debug_aranges
                0x00000380      0x100 ./Drivers/STM32F1xx_HAL_Driver/Src/stm32f1xx_hal_cortex.o
 .debug_aranges
                0x00000480       0x80 ./Drivers/STM32F1xx_HAL_Driver/Src/stm32f1xx_hal_dma.o
 .debug_aranges
                0x00000500       0x58 ./Drivers/STM32F1xx_HAL_Driver/Src/stm32f1xx_hal_gpio.o
 .debug_aranges
                0x00000558       0x90 ./Drivers/STM32F1xx_HAL_Driver/Src/stm32f1xx_hal_rcc.o
 .debug_aranges
                0x000005e8      0x1d0 ./Drivers/STM32F1xx_HAL_Driver/Src/stm32f1xx_hal_spi.o
 .debug_aranges
                0x000007b8      0x3d0 ./Drivers/STM32F1xx_HAL_Driver/Src/stm32f1xx_hal_tim.o
 .debug_aranges
                0x00000b88      0x168 ./Drivers/STM32F1xx_HAL_Driver/Src/stm32f1xx_hal_tim_ex.o
 .debug_aranges
                0x00000cf0      0x208 ./Drivers/STM32F1xx_HAL_Driver/Src/stm32f1xx_hal_uart.o
 .debug_aranges
                0x00000ef8      0x1a0 ./Drivers/nrf24/NRF24.o

.debug_rnglists
                0x00000000      0xce1
 .debug_rnglists
                0x00000000       0x20 ./Core/Src/engine.o
 .debug_rnglists
                0x00000020       0x48 ./Core/Src/main.o
 .debug_rnglists
                0x00000068       0x1a ./Core/Src/servo.o
 .debug_rnglists
                0x00000082       0x3f ./Core/Src/stm32f1xx_hal_msp.o
 .debug_rnglists
                0x000000c1       0x55 ./Core/Src/stm32f1xx_it.o
 .debug_rnglists
                0x00000116       0x79 ./Core/Src/syscalls.o
 .debug_rnglists
                0x0000018f       0x13 ./Core/Src/sysmem.o
 .debug_rnglists
                0x000001a2       0x1a ./Core/Src/system_stm32f1xx.o
 .debug_rnglists
                0x000001bc       0x19 ./Core/Startup/startup_stm32f103cbtx.o
 .debug_rnglists
                0x000001d5       0xa3 ./Drivers/STM32F1xx_HAL_Driver/Src/stm32f1xx_hal.o
 .debug_rnglists
                0x00000278       0xbb ./Drivers/STM32F1xx_HAL_Driver/Src/stm32f1xx_hal_cortex.o
 .debug_rnglists
                0x00000333       0x64 ./Drivers/STM32F1xx_HAL_Driver/Src/stm32f1xx_hal_dma.o
 .debug_rnglists
                0x00000397       0x3f ./Drivers/STM32F1xx_HAL_Driver/Src/stm32f1xx_hal_gpio.o
 .debug_rnglists
                0x000003d6       0x6c ./Drivers/STM32F1xx_HAL_Driver/Src/stm32f1xx_hal_rcc.o
 .debug_rnglists
                0x00000442      0x16e ./Drivers/STM32F1xx_HAL_Driver/Src/stm32f1xx_hal_spi.o
 .debug_rnglists
                0x000005b0      0x31a ./Drivers/STM32F1xx_HAL_Driver/Src/stm32f1xx_hal_tim.o
 .debug_rnglists
                0x000008ca      0x125 ./Drivers/STM32F1xx_HAL_Driver/Src/stm32f1xx_hal_tim_ex.o
 .debug_rnglists
                0x000009ef      0x1bc ./Drivers/STM32F1xx_HAL_Driver/Src/stm32f1xx_hal_uart.o
 .debug_rnglists
                0x00000bab      0x136 ./Drivers/nrf24/NRF24.o

.debug_macro    0x00000000    0x19aa5
 .debug_macro   0x00000000      0x294 ./Core/Src/engine.o
 .debug_macro   0x00000294      0xacc ./Core/Src/engine.o
 .debug_macro   0x00000d60       0x22 ./Core/Src/engine.o
 .debug_macro   0x00000d82       0x8e ./Core/Src/engine.o
 .debug_macro   0x00000e10       0x51 ./Core/Src/engine.o
 .debug_macro   0x00000e61      0x103 ./Core/Src/engine.o
 .debug_macro   0x00000f64       0x6a ./Core/Src/engine.o
 .debug_macro   0x00000fce      0x1df ./Core/Src/engine.o
 .debug_macro   0x000011ad       0x61 ./Core/Src/engine.o
 .debug_macro   0x0000120e       0x24 ./Core/Src/engine.o
 .debug_macro   0x00001232       0x43 ./Core/Src/engine.o
 .debug_macro   0x00001275       0x34 ./Core/Src/engine.o
 .debug_macro   0x000012a9       0x16 ./Core/Src/engine.o
 .debug_macro   0x000012bf       0x9e ./Core/Src/engine.o
 .debug_macro   0x0000135d      0x370 ./Core/Src/engine.o
 .debug_macro   0x000016cd      0x112 ./Core/Src/engine.o
 .debug_macro   0x000017df       0x10 ./Core/Src/engine.o
 .debug_macro   0x000017ef       0x16 ./Core/Src/engine.o
 .debug_macro   0x00001805       0x4a ./Core/Src/engine.o
 .debug_macro   0x0000184f       0x34 ./Core/Src/engine.o
 .debug_macro   0x00001883       0x10 ./Core/Src/engine.o
 .debug_macro   0x00001893       0x58 ./Core/Src/engine.o
 .debug_macro   0x000018eb       0x8e ./Core/Src/engine.o
 .debug_macro   0x00001979       0x1c ./Core/Src/engine.o
 .debug_macro   0x00001995      0x185 ./Core/Src/engine.o
 .debug_macro   0x00001b1a       0x16 ./Core/Src/engine.o
 .debug_macro   0x00001b30       0x16 ./Core/Src/engine.o
 .debug_macro   0x00001b46      0x146 ./Core/Src/engine.o
 .debug_macro   0x00001c8c       0x3a ./Core/Src/engine.o
 .debug_macro   0x00001cc6      0x221 ./Core/Src/engine.o
 .debug_macro   0x00001ee7       0x2e ./Core/Src/engine.o
 .debug_macro   0x00001f15       0x22 ./Core/Src/engine.o
 .debug_macro   0x00001f37       0x1c ./Core/Src/engine.o
 .debug_macro   0x00001f53       0x22 ./Core/Src/engine.o
 .debug_macro   0x00001f75       0xbd ./Core/Src/engine.o
 .debug_macro   0x00002032      0xd23 ./Core/Src/engine.o
 .debug_macro   0x00002d55     0xe09e ./Core/Src/engine.o
 .debug_macro   0x00010df3       0x6d ./Core/Src/engine.o
 .debug_macro   0x00010e60     0x34a2 ./Core/Src/engine.o
 .debug_macro   0x00014302       0x56 ./Core/Src/engine.o
 .debug_macro   0x00014358      0x5bc ./Core/Src/engine.o
 .debug_macro   0x00014914      0x289 ./Core/Src/engine.o
 .debug_macro   0x00014b9d      0x1cb ./Core/Src/engine.o
 .debug_macro   0x00014d68      0x114 ./Core/Src/engine.o
 .debug_macro   0x00014e7c      0x1b2 ./Core/Src/engine.o
 .debug_macro   0x0001502e       0x27 ./Core/Src/engine.o
 .debug_macro   0x00015055      0x136 ./Core/Src/engine.o
 .debug_macro   0x0001518b      0x1bc ./Core/Src/engine.o
 .debug_macro   0x00015347       0x34 ./Core/Src/engine.o
 .debug_macro   0x0001537b       0x3c ./Core/Src/engine.o
 .debug_macro   0x000153b7       0x57 ./Core/Src/engine.o
 .debug_macro   0x0001540e       0x87 ./Core/Src/engine.o
 .debug_macro   0x00015495      0x240 ./Core/Src/engine.o
 .debug_macro   0x000156d5      0x140 ./Core/Src/engine.o
 .debug_macro   0x00015815      0x217 ./Core/Src/engine.o
 .debug_macro   0x00015a2c      0x8ed ./Core/Src/engine.o
 .debug_macro   0x00016319      0x28e ./Core/Src/engine.o
 .debug_macro   0x000165a7       0x83 ./Core/Src/engine.o
 .debug_macro   0x0001662a      0x302 ./Core/Src/main.o
 .debug_macro   0x0001692c      0x190 ./Core/Src/main.o
 .debug_macro   0x00016abc       0x5c ./Core/Src/main.o
 .debug_macro   0x00016b18       0x3c ./Core/Src/main.o
 .debug_macro   0x00016b54       0x16 ./Core/Src/main.o
 .debug_macro   0x00016b6a       0x20 ./Core/Src/main.o
 .debug_macro   0x00016b8a       0x1c ./Core/Src/main.o
 .debug_macro   0x00016ba6       0x10 ./Core/Src/main.o
 .debug_macro   0x00016bb6       0x40 ./Core/Src/main.o
 .debug_macro   0x00016bf6       0x10 ./Core/Src/main.o
 .debug_macro   0x00016c06      0x232 ./Core/Src/main.o
 .debug_macro   0x00016e38      0x295 ./Core/Src/servo.o
 .debug_macro   0x000170cd      0x2c4 ./Core/Src/stm32f1xx_hal_msp.o
 .debug_macro   0x00017391      0x2ce ./Core/Src/stm32f1xx_it.o
 .debug_macro   0x0001765f      0x274 ./Core/Src/syscalls.o
 .debug_macro   0x000178d3       0x5b ./Core/Src/syscalls.o
 .debug_macro   0x0001792e       0x94 ./Core/Src/syscalls.o
 .debug_macro   0x000179c2       0x57 ./Core/Src/syscalls.o
 .debug_macro   0x00017a19       0x10 ./Core/Src/syscalls.o
 .debug_macro   0x00017a29       0x10 ./Core/Src/syscalls.o
 .debug_macro   0x00017a39       0x10 ./Core/Src/syscalls.o
 .debug_macro   0x00017a49       0x10 ./Core/Src/syscalls.o
 .debug_macro   0x00017a59       0x1c ./Core/Src/syscalls.o
 .debug_macro   0x00017a75       0x52 ./Core/Src/syscalls.o
 .debug_macro   0x00017ac7       0x22 ./Core/Src/syscalls.o
 .debug_macro   0x00017ae9       0x10 ./Core/Src/syscalls.o
 .debug_macro   0x00017af9       0x52 ./Core/Src/syscalls.o
 .debug_macro   0x00017b4b       0xcf ./Core/Src/syscalls.o
 .debug_macro   0x00017c1a       0x1c ./Core/Src/syscalls.o
 .debug_macro   0x00017c36       0x3d ./Core/Src/syscalls.o
 .debug_macro   0x00017c73       0x35 ./Core/Src/syscalls.o
 .debug_macro   0x00017ca8      0x12c ./Core/Src/syscalls.o
 .debug_macro   0x00017dd4       0x16 ./Core/Src/syscalls.o
 .debug_macro   0x00017dea       0x16 ./Core/Src/syscalls.o
 .debug_macro   0x00017e00       0x29 ./Core/Src/syscalls.o
 .debug_macro   0x00017e29       0x10 ./Core/Src/syscalls.o
 .debug_macro   0x00017e39      0x242 ./Core/Src/syscalls.o
 .debug_macro   0x0001807b       0x1c ./Core/Src/syscalls.o
 .debug_macro   0x00018097       0x10 ./Core/Src/syscalls.o
 .debug_macro   0x000180a7      0x18a ./Core/Src/syscalls.o
 .debug_macro   0x00018231       0x16 ./Core/Src/syscalls.o
 .debug_macro   0x00018247       0xce ./Core/Src/syscalls.o
 .debug_macro   0x00018315      0x112 ./Core/Src/sysmem.o
 .debug_macro   0x00018427      0x23c ./Core/Src/sysmem.o
 .debug_macro   0x00018663      0x1ad ./Core/Src/system_stm32f1xx.o
 .debug_macro   0x00018810      0x1d1 ./Drivers/STM32F1xx_HAL_Driver/Src/stm32f1xx_hal.o
 .debug_macro   0x000189e1      0x1ad ./Drivers/STM32F1xx_HAL_Driver/Src/stm32f1xx_hal_cortex.o
 .debug_macro   0x00018b8e      0x1ad ./Drivers/STM32F1xx_HAL_Driver/Src/stm32f1xx_hal_dma.o
 .debug_macro   0x00018d3b      0x218 ./Drivers/STM32F1xx_HAL_Driver/Src/stm32f1xx_hal_gpio.o
 .debug_macro   0x00018f53      0x1bf ./Drivers/STM32F1xx_HAL_Driver/Src/stm32f1xx_hal_rcc.o
 .debug_macro   0x00019112      0x1b5 ./Drivers/STM32F1xx_HAL_Driver/Src/stm32f1xx_hal_spi.o
 .debug_macro   0x000192c7      0x1ae ./Drivers/STM32F1xx_HAL_Driver/Src/stm32f1xx_hal_tim.o
 .debug_macro   0x00019475      0x1ad ./Drivers/STM32F1xx_HAL_Driver/Src/stm32f1xx_hal_tim_ex.o
 .debug_macro   0x00019622      0x1ae ./Drivers/STM32F1xx_HAL_Driver/Src/stm32f1xx_hal_uart.o
 .debug_macro   0x000197d0      0x29b ./Drivers/nrf24/NRF24.o
 .debug_macro   0x00019a6b       0x3a ./Drivers/nrf24/NRF24.o

.debug_line     0x00000000    0x121fb
 .debug_line    0x00000000      0x8bd ./Core/Src/engine.o
 .debug_line    0x000008bd      0xbad ./Core/Src/main.o