../Core/Src/nRF24L01.c:13:13:nRF24L01_Delay	24	static,ignoring_inline_asm
../Core/Src/nRF24L01.c:18:6:nRF24L01_CE_High	8	static
../Core/Src/nRF24L01.c:21:6:nRF24L01_CE_Low	8	static
../Core/Src/nRF24L01.c:24:6:nRF24L01_CSN_High	8	static
../Core/Src/nRF24L01.c:27:6:nRF24L01_CSN_Low	8	static
../Core/Src/nRF24L01.c:31:6:nRF24L01_WriteRegister	24	static
../Core/Src/nRF24L01.c:39:6:nRF24L01_ReadRegister	24	static
../Core/Src/nRF24L01.c:47:6:nRF24L01_Init	24	static
../Core/Src/nRF24L01.c:62:6:nRF24L01_TxMode	24	static
../Core/Src/nRF24L01.c:73:6:nRF24L01_RxMode	24	static
../Core/Src/nRF24L01.c:83:9:nRF24L01_Send	24	static
../Core/Src/nRF24L01.c:100:9:nRF24L01_DataReady	16	static
../Core/Src/nRF24L01.c:106:9:nRF24L01_Receive	24	static
